Archive member included because of file (symbol)

/Applications/Simplicity Studio.app/Contents/Eclipse/developer/toolchains/gnu_arm/4.9_2015q3/bin/../lib/gcc/arm-none-eabi/4.9.3/armv7e-m/softfp/libgcc.a(_aeabi_uldivmod.o)
                              ./FatFS/src/ff.o (__aeabi_uldivmod)
/Applications/Simplicity Studio.app/Contents/Eclipse/developer/toolchains/gnu_arm/4.9_2015q3/bin/../lib/gcc/arm-none-eabi/4.9.3/armv7e-m/softfp/libgcc.a(bpabi.o)
                              /Applications/Simplicity Studio.app/Contents/Eclipse/developer/toolchains/gnu_arm/4.9_2015q3/bin/../lib/gcc/arm-none-eabi/4.9.3/armv7e-m/softfp/libgcc.a(_aeabi_uldivmod.o) (__gnu_uldivmod_helper)
/Applications/Simplicity Studio.app/Contents/Eclipse/developer/toolchains/gnu_arm/4.9_2015q3/bin/../lib/gcc/arm-none-eabi/4.9.3/armv7e-m/softfp/libgcc.a(_dvmd_tls.o)
                              /Applications/Simplicity Studio.app/Contents/Eclipse/developer/toolchains/gnu_arm/4.9_2015q3/bin/../lib/gcc/arm-none-eabi/4.9.3/armv7e-m/softfp/libgcc.a(_aeabi_uldivmod.o) (__aeabi_ldiv0)
/Applications/Simplicity Studio.app/Contents/Eclipse/developer/toolchains/gnu_arm/4.9_2015q3/bin/../lib/gcc/arm-none-eabi/4.9.3/armv7e-m/softfp/libgcc.a(_divdi3.o)
                              /Applications/Simplicity Studio.app/Contents/Eclipse/developer/toolchains/gnu_arm/4.9_2015q3/bin/../lib/gcc/arm-none-eabi/4.9.3/armv7e-m/softfp/libgcc.a(bpabi.o) (__divdi3)
/Applications/Simplicity Studio.app/Contents/Eclipse/developer/toolchains/gnu_arm/4.9_2015q3/bin/../lib/gcc/arm-none-eabi/4.9.3/armv7e-m/softfp/libgcc.a(_udivdi3.o)
                              /Applications/Simplicity Studio.app/Contents/Eclipse/developer/toolchains/gnu_arm/4.9_2015q3/bin/../lib/gcc/arm-none-eabi/4.9.3/armv7e-m/softfp/libgcc.a(bpabi.o) (__udivdi3)
/Applications/Simplicity Studio.app/Contents/Eclipse/developer/toolchains/gnu_arm/4.9_2015q3/bin/../lib/gcc/arm-none-eabi/4.9.3/../../../../arm-none-eabi/lib/armv7e-m/softfp/libc_nano.a(lib_a-ctime_r.o)
                              ./src/epsilometer_SDcard.o (ctime_r)
/Applications/Simplicity Studio.app/Contents/Eclipse/developer/toolchains/gnu_arm/4.9_2015q3/bin/../lib/gcc/arm-none-eabi/4.9.3/../../../../arm-none-eabi/lib/armv7e-m/softfp/libc_nano.a(lib_a-exit.o)
                              /Applications/Simplicity Studio.app/Contents/Eclipse/developer/toolchains/gnu_arm/4.9_2015q3/bin/../lib/gcc/arm-none-eabi/4.9.3/../../../../arm-none-eabi/lib/armv7e-m/softfp/crt0.o (exit)
/Applications/Simplicity Studio.app/Contents/Eclipse/developer/toolchains/gnu_arm/4.9_2015q3/bin/../lib/gcc/arm-none-eabi/4.9.3/../../../../arm-none-eabi/lib/armv7e-m/softfp/libc_nano.a(lib_a-impure.o)
                              /Applications/Simplicity Studio.app/Contents/Eclipse/developer/toolchains/gnu_arm/4.9_2015q3/bin/../lib/gcc/arm-none-eabi/4.9.3/../../../../arm-none-eabi/lib/armv7e-m/softfp/libc_nano.a(lib_a-exit.o) (_global_impure_ptr)
/Applications/Simplicity Studio.app/Contents/Eclipse/developer/toolchains/gnu_arm/4.9_2015q3/bin/../lib/gcc/arm-none-eabi/4.9.3/../../../../arm-none-eabi/lib/armv7e-m/softfp/libc_nano.a(lib_a-init.o)
                              /Applications/Simplicity Studio.app/Contents/Eclipse/developer/toolchains/gnu_arm/4.9_2015q3/bin/../lib/gcc/arm-none-eabi/4.9.3/../../../../arm-none-eabi/lib/armv7e-m/softfp/crt0.o (__libc_init_array)
/Applications/Simplicity Studio.app/Contents/Eclipse/developer/toolchains/gnu_arm/4.9_2015q3/bin/../lib/gcc/arm-none-eabi/4.9.3/../../../../arm-none-eabi/lib/armv7e-m/softfp/libc_nano.a(lib_a-lcltime_r.o)
                              ./src/epsilometer_SDcard.o (localtime_r)
/Applications/Simplicity Studio.app/Contents/Eclipse/developer/toolchains/gnu_arm/4.9_2015q3/bin/../lib/gcc/arm-none-eabi/4.9.3/../../../../arm-none-eabi/lib/armv7e-m/softfp/libc_nano.a(lib_a-memset.o)
                              /Applications/Simplicity Studio.app/Contents/Eclipse/developer/toolchains/gnu_arm/4.9_2015q3/bin/../lib/gcc/arm-none-eabi/4.9.3/../../../../arm-none-eabi/lib/armv7e-m/softfp/crt0.o (memset)
/Applications/Simplicity Studio.app/Contents/Eclipse/developer/toolchains/gnu_arm/4.9_2015q3/bin/../lib/gcc/arm-none-eabi/4.9.3/../../../../arm-none-eabi/lib/armv7e-m/softfp/libc_nano.a(lib_a-month_lengths.o)
                              /Applications/Simplicity Studio.app/Contents/Eclipse/developer/toolchains/gnu_arm/4.9_2015q3/bin/../lib/gcc/arm-none-eabi/4.9.3/../../../../arm-none-eabi/lib/armv7e-m/softfp/libc_nano.a(lib_a-lcltime_r.o) (__month_lengths)
/Applications/Simplicity Studio.app/Contents/Eclipse/developer/toolchains/gnu_arm/4.9_2015q3/bin/../lib/gcc/arm-none-eabi/4.9.3/../../../../arm-none-eabi/lib/armv7e-m/softfp/libc_nano.a(lib_a-strlen.o)
                              ./src/epsilometer_SDcard.o (strlen)
/Applications/Simplicity Studio.app/Contents/Eclipse/developer/toolchains/gnu_arm/4.9_2015q3/bin/../lib/gcc/arm-none-eabi/4.9.3/../../../../arm-none-eabi/lib/armv7e-m/softfp/libc_nano.a(lib_a-strncpy.o)
[...]
Memory Configuration

Name             Origin             Length             Attributes
FLASH            0x0000000000000000 0x0000000000040000 xr
RAM              0x0000000020000000 0x0000000000008000 xrw
*default*        0x0000000000000000 0xffffffffffffffff

Linker script and memory map

LOAD /Applications/Simplicity Studio.app/Contents/Eclipse/developer/toolchains/gnu_arm/4.9_2015q3/bin/../lib/gcc/arm-none-eabi/4.9.3/armv7e-m/softfp/crti.o
LOAD /Applications/Simplicity Studio.app/Contents/Eclipse/developer/toolchains/gnu_arm/4.9_2015q3/bin/../lib/gcc/arm-none-eabi/4.9.3/armv7e-m/softfp/crtbegin.o
LOAD /Applications/Simplicity Studio.app/Contents/Eclipse/developer/toolchains/gnu_arm/4.9_2015q3/bin/../lib/gcc/arm-none-eabi/4.9.3/../../../../arm-none-eabi/lib/armv7e-m/softfp/crt0.o
LOAD ./CMSIS/EFM32WG/startup_efm32wg.o
LOAD ./CMSIS/EFM32WG/system_efm32wg.o
LOAD ./FatFS/silabs_diskio.o
LOAD ./FatFS/src/ff.o
LOAD ./FatFS/src/option/syscall.o
LOAD ./FatFS/src/option/unicode.o
LOAD ./emlib/em_adc.o
LOAD ./emlib/em_cmu.o
LOAD ./emlib/em_emu.o
LOAD ./emlib/em_gpio.o
LOAD ./emlib/em_int.o
LOAD ./emlib/em_rtc.o
LOAD ./emlib/em_system.o
LOAD ./emlib/em_timer.o
LOAD ./emlib/em_usart.o
LOAD ./emlib/microsd.o
LOAD ./src/epsilometer_CMU_init.o
LOAD ./src/epsilometer_GPIO_init.o
LOAD ./src/epsilometer_SDcard.o
LOAD ./src/epsilometer_main.o
LOAD ./src/epsilometer_menu.o
START GROUP
LOAD /Applications/Simplicity Studio.app/Contents/Eclipse/developer/toolchains/gnu_arm/4.9_2015q3/bin/../lib/gcc/arm-none-eabi/4.9.3/armv7e-m/softfp/libgcc.a
LOAD /Applications/Simplicity Studio.app/Contents/Eclipse/developer/toolchains/gnu_arm/4.9_2015q3/bin/../lib/gcc/arm-none-eabi/4.9.3/../../../../arm-none-eabi/lib/armv7e-m/softfp/libc_nano.a
LOAD /Applications/Simplicity Studio.app/Contents/Eclipse/developer/toolchains/gnu_arm/4.9_2015q3/bin/../lib/gcc/arm-none-eabi/4.9.3/../../../../arm-none-eabi/lib/armv7e-m/softfp/libnosys.a
END GROUP
START GROUP
LOAD /Applications/Simplicity Studio.app/Contents/Eclipse/developer/toolchains/gnu_arm/4.9_2015q3/bin/../lib/gcc/arm-none-eabi/4.9.3/armv7e-m/softfp/libgcc.a
LOAD /Applications/Simplicity Studio.app/Contents/Eclipse/developer/toolchains/gnu_arm/4.9_2015q3/bin/../lib/gcc/arm-none-eabi/4.9.3/../../../../arm-none-eabi/lib/armv7e-m/softfp/libg_nano.a
LOAD /Applications/Simplicity Studio.app/Contents/Eclipse/developer/toolchains/gnu_arm/4.9_2015q3/bin/../lib/gcc/arm-none-eabi/4.9.3/../../../../arm-none-eabi/lib/armv7e-m/softfp/libc_nano.a
END GROUP
START GROUP
LOAD /Applications/Simplicity Studio.app/Contents/Eclipse/developer/toolchains/gnu_arm/4.9_2015q3/bin/../lib/gcc/arm-none-eabi/4.9.3/armv7e-m/softfp/libgcc.a
LOAD /Applications/Simplicity Studio.app/Contents/Eclipse/developer/toolchains/gnu_arm/4.9_2015q3/bin/../lib/gcc/arm-none-eabi/4.9.3/../../../../arm-none-eabi/lib/armv7e-m/softfp/libc_nano.a
END GROUP
LOAD /Applications/Simplicity Studio.app/Contents/Eclipse/developer/toolchains/gnu_arm/4.9_2015q3/bin/../lib/gcc/arm-none-eabi/4.9.3/armv7e-m/softfp/crtend.o
LOAD /Applications/Simplicity Studio.app/Contents/Eclipse/developer/toolchains/gnu_arm/4.9_2015q3/bin/../lib/gcc/arm-none-eabi/4.9.3/armv7e-m/softfp/crtn.o

.text           0x0000000000000000     0x81f0
 *(.vectors)
 .vectors       0x0000000000000000       0xe0 ./CMSIS/EFM32WG/startup_efm32wg.o
                0x0000000000000000                __Vectors
                0x00000000000000e0                __Vectors_End = .
                0x00000000000000e0                __Vectors_Size = (__Vectors_End - __Vectors)
                0x00000000000000e0                __end__ = .
 *(.text*)
 .text          0x00000000000000e0       0x5c /Applications/Simplicity Studio.app/Contents/Eclipse/developer/toolchains/gnu_arm/4.9_2015q3/bin/../lib/gcc/arm-none-eabi/4.9.3/armv7e-m/softfp/crtbegin.o
 .text          0x000000000000013c       0x74 /Applications/Simplicity Studio.app/Contents/Eclipse/developer/toolchains/gnu_arm/4.9_2015q3/bin/../lib/gcc/arm-none-eabi/4.9.3/../../../../arm-none-eabi/lib/armv7e-m/softfp/crt0.o
                0x000000000000013c                _mainCRTStartup
                0x000000000000013c                _start
 .text          0x00000000000001b0       0x30 ./CMSIS/EFM32WG/startup_efm32wg.o
                0x00000000000001b0                Reset_Handler
                0x00000000000001dc                DebugMon_Handler
                0x00000000000001dc                USART0_TX_IRQHandler
                0x00000000000001dc                I2C0_IRQHandler
                0x00000000000001dc                HardFault_Handler
                0x00000000000001dc                LEUART1_IRQHandler
                0x00000000000001dc                SysTick_Handler
                0x00000000000001dc                USART1_RX_IRQHandler
                0x00000000000001dc                PendSV_Handler
                0x00000000000001dc                NMI_Handler
                0x00000000000001dc                I2C1_IRQHandler
                0x00000000000001dc                TIMER3_IRQHandler
                0x00000000000001dc                USART1_TX_IRQHandler
                0x00000000000001dc                MSC_IRQHandler
                0x00000000000001dc                ADC0_IRQHandler
                0x00000000000001dc                UsageFault_Handler
                0x00000000000001dc                LEUART0_IRQHandler
                0x00000000000001dc                FPUEH_IRQHandler
                0x00000000000001dc                GPIO_EVEN_IRQHandler
                0x00000000000001dc                UART0_TX_IRQHandler
                0x00000000000001dc                UART1_TX_IRQHandler
                0x00000000000001dc                RTC_IRQHandler
                0x00000000000001dc                TIMER0_IRQHandler
                0x00000000000001dc                LCD_IRQHandler
                0x00000000000001dc                PCNT2_IRQHandler
                0x00000000000001dc                UART0_RX_IRQHandler
                0x00000000000001dc                LETIMER0_IRQHandler
                0x00000000000001dc                TIMER1_IRQHandler
                0x00000000000001dc                USART2_RX_IRQHandler
                0x00000000000001dc                Default_Handler
                0x00000000000001dc                EMU_IRQHandler
                0x00000000000001dc                PCNT0_IRQHandler
                0x00000000000001dc                USB_IRQHandler
                0x00000000000001dc                BURTC_IRQHandler
                0x00000000000001dc                PCNT1_IRQHandler
                0x00000000000001dc                ACMP0_IRQHandler
                0x00000000000001dc                USART0_RX_IRQHandler
                0x00000000000001dc                MemManage_Handler
                0x00000000000001dc                SVC_Handler
                0x00000000000001dc                DAC0_IRQHandler
                0x00000000000001dc                UART1_RX_IRQHandler
                0x00000000000001dc                EBI_IRQHandler
                0x00000000000001dc                LESENSE_IRQHandler
                0x00000000000001dc                GPIO_ODD_IRQHandler
                0x00000000000001dc                AES_IRQHandler
                0x00000000000001dc                VCMP_IRQHandler
                0x00000000000001dc                DMA_IRQHandler
                0x00000000000001dc                BusFault_Handler
                0x00000000000001dc                TIMER2_IRQHandler
                0x00000000000001dc                USART2_TX_IRQHandler
 .text.GetProdRev
                0x00000000000001e0       0x1c ./CMSIS/EFM32WG/system_efm32wg.o
 .text.SystemCoreClockGet
                0x00000000000001fc       0x34 ./CMSIS/EFM32WG/system_efm32wg.o
                0x00000000000001fc                SystemCoreClockGet
 .text.SystemMaxCoreClockGet
                0x0000000000000230       0x14 ./CMSIS/EFM32WG/system_efm32wg.o
                0x0000000000000230                SystemMaxCoreClockGet
 .text.SystemHFClockGet
                0x0000000000000244      0x100 ./CMSIS/EFM32WG/system_efm32wg.o
                0x0000000000000244                SystemHFClockGet
 .text.SystemHFXOClockGet
                0x0000000000000344       0x18 ./CMSIS/EFM32WG/system_efm32wg.o
                0x0000000000000344                SystemHFXOClockGet
 .text.SystemInit
                0x000000000000035c       0x20 ./CMSIS/EFM32WG/system_efm32wg.o
                0x000000000000035c                SystemInit
 .text.SystemLFRCOClockGet
                0x000000000000037c       0x14 ./CMSIS/EFM32WG/system_efm32wg.o
                0x000000000000037c                SystemLFRCOClockGet
 .text.SystemULFRCOClockGet
                0x0000000000000390       0x14 ./CMSIS/EFM32WG/system_efm32wg.o
                0x0000000000000390                SystemULFRCOClockGet
 .text.SystemLFXOClockGet
                0x00000000000003a4       0x18 ./CMSIS/EFM32WG/system_efm32wg.o
                0x00000000000003a4                SystemLFXOClockGet
 .text.disk_status
                0x00000000000003bc       0x28 ./FatFS/silabs_diskio.o
                0x00000000000003bc                disk_status
 .text.disk_initialize
                0x00000000000003e4      0x1cc ./FatFS/silabs_diskio.o
                0x00000000000003e4                disk_initialize
 .text.disk_read
                0x00000000000005b0       0xc8 ./FatFS/silabs_diskio.o
                0x00000000000005b0                disk_read
 .text.disk_write
                0x0000000000000678       0xf4 ./FatFS/silabs_diskio.o
                0x0000000000000678                disk_write
 .text.disk_ioctl
                0x000000000000076c      0x32c ./FatFS/silabs_diskio.o
                0x000000000000076c                disk_ioctl
 .text.ld_word  0x0000000000000a98       0x30 ./FatFS/src/ff.o
 .text.ld_dword
                0x0000000000000ac8       0x48 ./FatFS/src/ff.o
 .text.ld_qword
                0x0000000000000b10      0x170 ./FatFS/src/ff.o
 .text.st_word  0x0000000000000c80       0x34 ./FatFS/src/ff.o
 .text.st_dword
                0x0000000000000cb4       0x58 ./FatFS/src/ff.o
 .text.st_qword
                0x0000000000000d0c      0x120 ./FatFS/src/ff.o
 .text.mem_cpy  0x0000000000000e2c       0x40 ./FatFS/src/ff.o
 .text.mem_set  0x0000000000000e6c       0x34 ./FatFS/src/ff.o
 .text.mem_cmp  0x0000000000000ea0       0x50 ./FatFS/src/ff.o
 .text.chk_chr  0x0000000000000ef0       0x38 ./FatFS/src/ff.o
 .text.sync_window
                0x0000000000000f28       0x8c ./FatFS/src/ff.o
 .text.move_window
                0x0000000000000fb4       0x5c ./FatFS/src/ff.o
 .text.sync_fs  0x0000000000001010       0xdc ./FatFS/src/ff.o
 .text.clust2sect
                0x00000000000010ec       0x40 ./FatFS/src/ff.o
 .text.get_fat  0x000000000000112c      0x208 ./FatFS/src/ff.o
 .text.put_fat  0x0000000000001334      0x1d4 ./FatFS/src/ff.o
 .text.find_bitmap
                0x0000000000001508       0xf8 ./FatFS/src/ff.o
 .text.change_bitmap
                0x0000000000001600       0xd4 ./FatFS/src/ff.o
 .text.fill_fat_chain
                0x00000000000016d4       0x60 ./FatFS/src/ff.o
 .text.remove_chain
                0x0000000000001734      0x168 ./FatFS/src/ff.o
 .text.create_chain
                0x000000000000189c      0x1c8 ./FatFS/src/ff.o
 .text.dir_sdi  0x0000000000001a64      0x10c ./FatFS/src/ff.o
 .text.dir_next
                0x0000000000001b70      0x1a8 ./FatFS/src/ff.o
 .text.dir_alloc
                0x0000000000001d18       0xb8 ./FatFS/src/ff.o
 .text.ld_clust
                0x0000000000001dd0       0x40 ./FatFS/src/ff.o
 .text.st_clust
                0x0000000000001e10       0x40 ./FatFS/src/ff.o
 .text.cmp_lfn  0x0000000000001e50       0xe0 ./FatFS/src/ff.o
 .text.pick_lfn
                0x0000000000001f30       0xc8 ./FatFS/src/ff.o
 .text.put_lfn  0x0000000000001ff8       0xcc ./FatFS/src/ff.o
 .text.gen_numname
                0x00000000000020c4      0x11c ./FatFS/src/ff.o
 .text.sum_sfn  0x00000000000021e0       0x44 ./FatFS/src/ff.o
 .text.xdir_sum
                0x0000000000002224       0x74 ./FatFS/src/ff.o
 .text.xname_sum
                0x0000000000002298       0x80 ./FatFS/src/ff.o
 .text.load_xdir
                0x0000000000002318      0x150 ./FatFS/src/ff.o
 .text.load_obj_dir
                0x0000000000002468       0x78 ./FatFS/src/ff.o
 .text.store_xdir
                0x00000000000024e0       0xb4 ./FatFS/src/ff.o
 .text.create_xdir
                0x0000000000002594       0xcc ./FatFS/src/ff.o
 .text.dir_read
                0x0000000000002660      0x184 ./FatFS/src/ff.o
 .text.dir_find
                0x00000000000027e4      0x248 ./FatFS/src/ff.o
 .text.dir_register
                0x0000000000002a2c      0x334 ./FatFS/src/ff.o
 .text.create_name
                0x0000000000002d60      0x354 ./FatFS/src/ff.o
 .text.follow_path
                0x00000000000030b4      0x148 ./FatFS/src/ff.o
 .text.get_ldnumber
                0x00000000000031fc       0x88 ./FatFS/src/ff.o
 .text.check_fs
                0x0000000000003284       0xc4 ./FatFS/src/ff.o
 .text.find_volume
                0x0000000000003348      0x66c ./FatFS/src/ff.o
 .text.validate
                0x00000000000039b4       0x68 ./FatFS/src/ff.o
 .text.f_mount  0x0000000000003a1c       0x94 ./FatFS/src/ff.o
                0x0000000000003a1c                f_mount
 .text.f_open   0x0000000000003ab0      0x4dc ./FatFS/src/ff.o
                0x0000000000003ab0                f_open
 .text.f_write  0x0000000000003f8c      0x350 ./FatFS/src/ff.o
                0x0000000000003f8c                f_write
 .text.f_sync   0x00000000000042dc      0x228 ./FatFS/src/ff.o
                0x00000000000042dc                f_sync
 .text.f_close  0x0000000000004504       0x40 ./FatFS/src/ff.o
                0x0000000000004504                f_close
 .text.ff_convert
                0x0000000000004544       0x74 ./FatFS/src/option/unicode.o
                0x0000000000004544                ff_convert
 .text.ff_wtoupper
                0x00000000000045b8      0x114 ./FatFS/src/option/unicode.o
                0x00000000000045b8                ff_wtoupper
 .text.BUS_RegBitWrite
                0x00000000000046cc       0x2c ./emlib/em_cmu.o
 .text.BUS_RegBitRead
                0x00000000000046f8       0x2c ./emlib/em_cmu.o
 .text.CMU_DivToLog2
                0x0000000000004724       0x34 ./emlib/em_cmu.o
 .text.SYSTEM_GetProdRev
                0x0000000000004758       0x1c ./emlib/em_cmu.o
 .text.setHfLeConfig
                0x0000000000004774       0x3c ./emlib/em_cmu.o
 .text.getHfLeConfig
                0x00000000000047b0       0x2c ./emlib/em_cmu.o
 .text.auxClkGet
                0x00000000000047dc       0xb0 ./emlib/em_cmu.o
 .text.dbgClkGet
                0x000000000000488c       0x40 ./emlib/em_cmu.o
 .text.flashWaitStateControl
                0x00000000000048cc       0xb8 ./emlib/em_cmu.o
 .text.flashWaitStateMax
                0x0000000000004984       0x14 ./emlib/em_cmu.o
 .text.lfClkGet
                0x0000000000004998       0xec ./emlib/em_cmu.o
 .text.syncReg  0x0000000000004a84       0x34 ./emlib/em_cmu.o
 .text.CMU_ClockEnable
                0x0000000000004ab8       0xd4 ./emlib/em_cmu.o
                0x0000000000004ab8                CMU_ClockEnable
 .text.CMU_ClockFreqGet
                0x0000000000004b8c      0x1c8 ./emlib/em_cmu.o
                0x0000000000004b8c                CMU_ClockFreqGet
 .text.CMU_ClockSelectGet
                0x0000000000004d54      0x124 ./emlib/em_cmu.o
                0x0000000000004d54                CMU_ClockSelectGet
 .text.CMU_ClockSelectSet
                0x0000000000004e78      0x228 ./emlib/em_cmu.o
                0x0000000000004e78                CMU_ClockSelectSet
 .text.CMU_OscillatorEnable
                0x00000000000050a0       0xc0 ./emlib/em_cmu.o
                0x00000000000050a0                CMU_OscillatorEnable
 .text.EMU_UpdateOscConfig
                0x0000000000005160       0x1c ./emlib/em_emu.o
                0x0000000000005160                EMU_UpdateOscConfig
 .text.GPIO_PinOutClear
                0x000000000000517c       0x58 ./emlib/em_gpio.o
 .text.GPIO_PinOutSet
                0x00000000000051d4       0x58 ./emlib/em_gpio.o
 .text.GPIO_PinModeSet
                0x000000000000522c      0x10c ./emlib/em_gpio.o
                0x000000000000522c                GPIO_PinModeSet
 .text.BUS_RegMaskedWrite
                0x0000000000005338       0x28 ./emlib/em_usart.o
 .text.USART_BaudrateSyncSet
                0x0000000000005360       0x74 ./emlib/em_usart.o
                0x0000000000005360                USART_BaudrateSyncSet
 .text.USART_InitSync
                0x00000000000053d4       0xcc ./emlib/em_usart.o
                0x00000000000053d4                USART_InitSync
 .text.USART_Reset
                0x00000000000054a0       0x98 ./emlib/em_usart.o
                0x00000000000054a0                USART_Reset
 .text.USART_SpiTransfer
                0x0000000000005538       0x40 ./emlib/em_usart.o
                0x0000000000005538                USART_SpiTransfer
 .text.WaitReady
                0x0000000000005578       0x40 ./emlib/microsd.o
 .text.MICROSD_Init
                0x00000000000055b8       0xa4 ./emlib/microsd.o
                0x00000000000055b8                MICROSD_Init
 .text.MICROSD_XferSpi
                0x000000000000565c       0x38 ./emlib/microsd.o
                0x000000000000565c                MICROSD_XferSpi
 .text.MICROSD_Deselect
                0x0000000000005694       0x18 ./emlib/microsd.o
                0x0000000000005694                MICROSD_Deselect
 .text.MICROSD_Select
                0x00000000000056ac       0x28 ./emlib/microsd.o
                0x00000000000056ac                MICROSD_Select
 .text.MICROSD_PowerOn
                0x00000000000056d4       0x14 ./emlib/microsd.o
                0x00000000000056d4                MICROSD_PowerOn
 .text.MICROSD_PowerOff
                0x00000000000056e8       0x1c ./emlib/microsd.o
                0x00000000000056e8                MICROSD_PowerOff
 .text.MICROSD_BlockRx
                0x0000000000005704      0x110 ./emlib/microsd.o
                0x0000000000005704                MICROSD_BlockRx
 .text.MICROSD_BlockTx
                0x0000000000005814      0x124 ./emlib/microsd.o
                0x0000000000005814                MICROSD_BlockTx
 .text.MICROSD_SendCmd
                0x0000000000005938       0xd8 ./emlib/microsd.o
                0x0000000000005938                MICROSD_SendCmd
 .text.MICROSD_SpiClkSlow
                0x0000000000005a10       0x24 ./emlib/microsd.o
                0x0000000000005a10                MICROSD_SpiClkSlow
 .text.MICROSD_SpiClkFast
                0x0000000000005a34       0x24 ./emlib/microsd.o
                0x0000000000005a34                MICROSD_SpiClkFast
 .text.MICROSD_TimeOutSet
                0x0000000000005a58       0x28 ./emlib/microsd.o
                0x0000000000005a58                MICROSD_TimeOutSet
 .text.MICROSD_TimeOutElapsed
                0x0000000000005a80       0x20 ./emlib/microsd.o
                0x0000000000005a80                MICROSD_TimeOutElapsed
 .text.NVIC_EnableIRQ
                0x0000000000005aa0       0x30 ./src/epsilometer_CMU_init.o
 .text.CMU_IntClear
                0x0000000000005ad0       0x1c ./src/epsilometer_CMU_init.o
 .text.CMU_IntEnable
                0x0000000000005aec       0x24 ./src/epsilometer_CMU_init.o
 .text.CMU_IntGet
                0x0000000000005b10       0x18 ./src/epsilometer_CMU_init.o
 .text.CMU_IRQHandler
                0x0000000000005b28       0x40 ./src/epsilometer_CMU_init.o
                0x0000000000005b28                CMU_IRQHandler
 .text.init_CMU
                0x0000000000005b68       0x8c ./src/epsilometer_CMU_init.o
                0x0000000000005b68                init_CMU
 .text.init_GPIO
                0x0000000000005bf4       0x5c ./src/epsilometer_GPIO_init.o
                0x0000000000005bf4                init_GPIO
 .text.initSD   0x0000000000005c50      0x21c ./src/epsilometer_SDcard.o
                0x0000000000005c50                initSD
 .text.get_fattime
                0x0000000000005e6c       0x4c ./src/epsilometer_SDcard.o
                0x0000000000005e6c                get_fattime
 .text.CHIP_Init
                0x0000000000005eb8        0xc ./src/epsilometer_main.o
 .text.main     0x0000000000005ec4       0x14 ./src/epsilometer_main.o
                0x0000000000005ec4                main
 .text.MADRE_Config
                0x0000000000005ed8       0x14 ./src/epsilometer_menu.o
                0x0000000000005ed8                MADRE_Config
 .text.ctime_r  0x0000000000005eec       0x16 /Applications/Simplicity Studio.app/Contents/Eclipse/developer/toolchains/gnu_arm/4.9_2015q3/bin/../lib/gcc/arm-none-eabi/4.9.3/../../../../arm-none-eabi/lib/armv7e-m/softfp/libc_nano.a(lib_a-ctime_r.o)
                0x0000000000005eec                ctime_r
 *fill*         0x0000000000005f02        0x2 
 .text.exit     0x0000000000005f04       0x28 /Applications/Simplicity Studio.app/Contents/Eclipse/developer/toolchains/gnu_arm/4.9_2015q3/bin/../lib/gcc/arm-none-eabi/4.9.3/../../../../arm-none-eabi/lib/armv7e-m/softfp/libc_nano.a(lib_a-exit.o)
                0x0000000000005f04                exit
 .text.__libc_init_array
                0x0000000000005f2c       0x4c /Applications/Simplicity Studio.app/Contents/Eclipse/developer/toolchains/gnu_arm/4.9_2015q3/bin/../lib/gcc/arm-none-eabi/4.9.3/../../../../arm-none-eabi/lib/armv7e-m/softfp/libc_nano.a(lib_a-init.o)
                0x0000000000005f2c                __libc_init_array
 .text.localtime_r
                0x0000000000005f78      0x1cc /Applications/Simplicity Studio.app/Contents/Eclipse/developer/toolchains/gnu_arm/4.9_2015q3/bin/../lib/gcc/arm-none-eabi/4.9.3/../../../../arm-none-eabi/lib/armv7e-m/softfp/libc_nano.a(lib_a-lcltime_r.o)
                0x0000000000005f78                localtime_r
 .text.memset   0x0000000000006144       0x10 /Applications/Simplicity Studio.app/Contents/Eclipse/developer/toolchains/gnu_arm/4.9_2015q3/bin/../lib/gcc/arm-none-eabi/4.9.3/../../../../arm-none-eabi/lib/armv7e-m/softfp/libc_nano.a(lib_a-memset.o)
                0x0000000000006144                memset
 .text.strlen   0x0000000000006154       0x10 /Applications/Simplicity Studio.app/Contents/Eclipse/developer/toolchains/gnu_arm/4.9_2015q3/bin/../lib/gcc/arm-none-eabi/4.9.3/../../../../arm-none-eabi/lib/armv7e-m/softfp/libc_nano.a(lib_a-strlen.o)
                0x0000000000006154                strlen
 .text.strncpy  0x0000000000006164       0x24 /Applications/Simplicity Studio.app/Contents/Eclipse/developer/toolchains/gnu_arm/4.9_2015q3/bin/../lib/gcc/arm-none-eabi/4.9.3/../../../../arm-none-eabi/lib/armv7e-m/softfp/libc_nano.a(lib_a-strncpy.o)
                0x0000000000006164                strncpy
 .text.time     0x0000000000006188       0x28 /Applications/Simplicity Studio.app/Contents/Eclipse/developer/toolchains/gnu_arm/4.9_2015q3/bin/../lib/gcc/arm-none-eabi/4.9.3/../../../../arm-none-eabi/lib/armv7e-m/softfp/libc_nano.a(lib_a-time.o)
                0x0000000000006188                time
 .text.__tzcalc_limits
                0x00000000000061b0      0x14c /Applications/Simplicity Studio.app/Contents/Eclipse/developer/toolchains/gnu_arm/4.9_2015q3/bin/../lib/gcc/arm-none-eabi/4.9.3/../../../../arm-none-eabi/lib/armv7e-m/softfp/libc_nano.a(lib_a-tzcalc_limits.o)
                0x00000000000061b0                __tzcalc_limits
 .text.__tz_lock
                0x00000000000062fc        0x2 /Applications/Simplicity Studio.app/Contents/Eclipse/developer/toolchains/gnu_arm/4.9_2015q3/bin/../lib/gcc/arm-none-eabi/4.9.3/../../../../arm-none-eabi/lib/armv7e-m/softfp/libc_nano.a(lib_a-tzlock.o)
                0x00000000000062fc                __tz_lock
 .text.__tz_unlock
                0x00000000000062fe        0x2 /Applications/Simplicity Studio.app/Contents/Eclipse/developer/toolchains/gnu_arm/4.9_2015q3/bin/../lib/gcc/arm-none-eabi/4.9.3/../../../../arm-none-eabi/lib/armv7e-m/softfp/libc_nano.a(lib_a-tzlock.o)
                0x00000000000062fe                __tz_unlock
 .text._tzset_unlocked
                0x0000000000006300        0xc /Applications/Simplicity Studio.app/Contents/Eclipse/developer/toolchains/gnu_arm/4.9_2015q3/bin/../lib/gcc/arm-none-eabi/4.9.3/../../../../arm-none-eabi/lib/armv7e-m/softfp/libc_nano.a(lib_a-tzset.o)
                0x0000000000006300                _tzset_unlocked
 .text._tzset_unlocked_r
                0x000000000000630c      0x304 /Applications/Simplicity Studio.app/Contents/Eclipse/developer/toolchains/gnu_arm/4.9_2015q3/bin/../lib/gcc/arm-none-eabi/4.9.3/../../../../arm-none-eabi/lib/armv7e-m/softfp/libc_nano.a(lib_a-tzset_r.o)
                0x000000000000630c                _tzset_unlocked_r
 .text.asctime_r
                0x0000000000006610       0x4c /Applications/Simplicity Studio.app/Contents/Eclipse/developer/toolchains/gnu_arm/4.9_2015q3/bin/../lib/gcc/arm-none-eabi/4.9.3/../../../../arm-none-eabi/lib/armv7e-m/softfp/libc_nano.a(lib_a-asctime_r.o)
                0x0000000000006610                asctime_r
 .text._findenv_r
                0x000000000000665c       0x78 /Applications/Simplicity Studio.app/Contents/Eclipse/developer/toolchains/gnu_arm/4.9_2015q3/bin/../lib/gcc/arm-none-eabi/4.9.3/../../../../arm-none-eabi/lib/armv7e-m/softfp/libc_nano.a(lib_a-getenv_r.o)
                0x000000000000665c                _findenv_r
 .text._getenv_r
                0x00000000000066d4        0xe /Applications/Simplicity Studio.app/Contents/Eclipse/developer/toolchains/gnu_arm/4.9_2015q3/bin/../lib/gcc/arm-none-eabi/4.9.3/../../../../arm-none-eabi/lib/armv7e-m/softfp/libc_nano.a(lib_a-getenv_r.o)
                0x00000000000066d4                _getenv_r
 *fill*         0x00000000000066e2        0x2 
 .text._gettimeofday_r
                0x00000000000066e4       0x24 /Applications/Simplicity Studio.app/Contents/Eclipse/developer/toolchains/gnu_arm/4.9_2015q3/bin/../lib/gcc/arm-none-eabi/4.9.3/../../../../arm-none-eabi/lib/armv7e-m/softfp/libc_nano.a(lib_a-gettimeofdayr.o)
                0x00000000000066e4                _gettimeofday_r
 .text.__gettzinfo
                0x0000000000006708        0x8 /Applications/Simplicity Studio.app/Contents/Eclipse/developer/toolchains/gnu_arm/4.9_2015q3/bin/../lib/gcc/arm-none-eabi/4.9.3/../../../../arm-none-eabi/lib/armv7e-m/softfp/libc_nano.a(lib_a-gettzinfo.o)
                0x0000000000006708                __gettzinfo
 .text.gmtime_r
                0x0000000000006710      0x12c /Applications/Simplicity Studio.app/Contents/Eclipse/developer/toolchains/gnu_arm/4.9_2015q3/bin/../lib/gcc/arm-none-eabi/4.9.3/../../../../arm-none-eabi/lib/armv7e-m/softfp/libc_nano.a(lib_a-gmtime_r.o)
                0x0000000000006710                gmtime_r
 .text.free     0x000000000000683c       0x10 /Applications/Simplicity Studio.app/Contents/Eclipse/developer/toolchains/gnu_arm/4.9_2015q3/bin/../lib/gcc/arm-none-eabi/4.9.3/../../../../arm-none-eabi/lib/armv7e-m/softfp/libc_nano.a(lib_a-malloc.o)
                0x000000000000683c                free
 .text._free_r  0x000000000000684c       0x88 /Applications/Simplicity Studio.app/Contents/Eclipse/developer/toolchains/gnu_arm/4.9_2015q3/bin/../lib/gcc/arm-none-eabi/4.9.3/../../../../arm-none-eabi/lib/armv7e-m/softfp/libc_nano.a(lib_a-nano-freer.o)
                0x000000000000684c                _free_r
 .text._malloc_r
                0x00000000000068d4       0xac /Applications/Simplicity Studio.app/Contents/Eclipse/developer/toolchains/gnu_arm/4.9_2015q3/bin/../lib/gcc/arm-none-eabi/4.9.3/../../../../arm-none-eabi/lib/armv7e-m/softfp/libc_nano.a(lib_a-nano-mallocr.o)
                0x00000000000068d4                _malloc_r
 .text._sbrk_r  0x0000000000006980       0x20 /Applications/Simplicity Studio.app/Contents/Eclipse/developer/toolchains/gnu_arm/4.9_2015q3/bin/../lib/gcc/arm-none-eabi/4.9.3/../../../../arm-none-eabi/lib/armv7e-m/softfp/libc_nano.a(lib_a-sbrkr.o)
                0x0000000000006980                _sbrk_r
 .text.sprintf  0x00000000000069a0       0x48 /Applications/Simplicity Studio.app/Contents/Eclipse/developer/toolchains/gnu_arm/4.9_2015q3/bin/../lib/gcc/arm-none-eabi/4.9.3/../../../../arm-none-eabi/lib/armv7e-m/softfp/libc_nano.a(lib_a-sprintf.o)
                0x00000000000069a0                sprintf
                0x00000000000069a0                siprintf
 .text.sscanf   0x00000000000069e8       0x54 /Applications/Simplicity Studio.app/Contents/Eclipse/developer/toolchains/gnu_arm/4.9_2015q3/bin/../lib/gcc/arm-none-eabi/4.9.3/../../../../arm-none-eabi/lib/armv7e-m/softfp/libc_nano.a(lib_a-sscanf.o)
                0x00000000000069e8                sscanf
                0x00000000000069e8                siscanf
 .text.__seofread
                0x0000000000006a3c        0x4 /Applications/Simplicity Studio.app/Contents/Eclipse/developer/toolchains/gnu_arm/4.9_2015q3/bin/../lib/gcc/arm-none-eabi/4.9.3/../../../../arm-none-eabi/lib/armv7e-m/softfp/libc_nano.a(lib_a-stdio.o)
                0x0000000000006a3c                __seofread
 .text          0x0000000000006a40       0x14 /Applications/Simplicity Studio.app/Contents/Eclipse/developer/toolchains/gnu_arm/4.9_2015q3/bin/../lib/gcc/arm-none-eabi/4.9.3/../../../../arm-none-eabi/lib/armv7e-m/softfp/libc_nano.a(lib_a-strcmp.o)
                0x0000000000006a40                strcmp
 .text.strcpy   0x0000000000006a54       0x10 /Applications/Simplicity Studio.app/Contents/Eclipse/developer/toolchains/gnu_arm/4.9_2015q3/bin/../lib/gcc/arm-none-eabi/4.9.3/../../../../arm-none-eabi/lib/armv7e-m/softfp/libc_nano.a(lib_a-strcpy.o)
                0x0000000000006a54                strcpy
 .text.strncmp  0x0000000000006a64       0x34 /Applications/Simplicity Studio.app/Contents/Eclipse/developer/toolchains/gnu_arm/4.9_2015q3/bin/../lib/gcc/arm-none-eabi/4.9.3/../../../../arm-none-eabi/lib/armv7e-m/softfp/libc_nano.a(lib_a-strncmp.o)
                0x0000000000006a64                strncmp
 .text._strtoul_r
                0x0000000000006a98       0xf8 /Applications/Simplicity Studio.app/Contents/Eclipse/developer/toolchains/gnu_arm/4.9_2015q3/bin/../lib/gcc/arm-none-eabi/4.9.3/../../../../arm-none-eabi/lib/armv7e-m/softfp/libc_nano.a(lib_a-strtoul.o)
                0x0000000000006a98                _strtoul_r
 .text.strtoul  0x0000000000006b90       0x1c /Applications/Simplicity Studio.app/Contents/Eclipse/developer/toolchains/gnu_arm/4.9_2015q3/bin/../lib/gcc/arm-none-eabi/4.9.3/../../../../arm-none-eabi/lib/armv7e-m/softfp/libc_nano.a(lib_a-strtoul.o)
                0x0000000000006b90                strtoul
 .text.__env_lock
                0x0000000000006bac        0x2 /Applications/Simplicity Studio.app/Contents/Eclipse/developer/toolchains/gnu_arm/4.9_2015q3/bin/../lib/gcc/arm-none-eabi/4.9.3/../../../../arm-none-eabi/lib/armv7e-m/softfp/libc_nano.a(lib_a-envlock.o)
                0x0000000000006bac                __env_lock
 .text.__env_unlock
                0x0000000000006bae        0x2 /Applications/Simplicity Studio.app/Contents/Eclipse/developer/toolchains/gnu_arm/4.9_2015q3/bin/../lib/gcc/arm-none-eabi/4.9.3/../../../../arm-none-eabi/lib/armv7e-m/softfp/libc_nano.a(lib_a-envlock.o)
                0x0000000000006bae                __env_unlock
 .text.__ssputs_r
                0x0000000000006bb0       0xb2 /Applications/Simplicity Studio.app/Contents/Eclipse/developer/toolchains/gnu_arm/4.9_2015q3/bin/../lib/gcc/arm-none-eabi/4.9.3/../../../../arm-none-eabi/lib/armv7e-m/softfp/libc_nano.a(lib_a-nano-svfprintf.o)
                0x0000000000006bb0                __ssputs_r
 *fill*         0x0000000000006c62        0x2 
 .text._svfprintf_r
                0x0000000000006c64      0x1e4 /Applications/Simplicity Studio.app/Contents/Eclipse/developer/toolchains/gnu_arm/4.9_2015q3/bin/../lib/gcc/arm-none-eabi/4.9.3/../../../../arm-none-eabi/lib/armv7e-m/softfp/libc_nano.a(lib_a-nano-svfprintf.o)
                0x0000000000006c64                _svfprintf_r
                0x0000000000006c64                _svfiprintf_r
 .text._sungetc_r
                0x0000000000006e48       0x7a /Applications/Simplicity Studio.app/Contents/Eclipse/developer/toolchains/gnu_arm/4.9_2015q3/bin/../lib/gcc/arm-none-eabi/4.9.3/../../../../arm-none-eabi/lib/armv7e-m/softfp/libc_nano.a(lib_a-nano-svfscanf.o)
                0x0000000000006e48                _sungetc_r
 .text.__ssrefill_r
                0x0000000000006ec2       0x3a /Applications/Simplicity Studio.app/Contents/Eclipse/developer/toolchains/gnu_arm/4.9_2015q3/bin/../lib/gcc/arm-none-eabi/4.9.3/../../../../arm-none-eabi/lib/armv7e-m/softfp/libc_nano.a(lib_a-nano-svfscanf.o)
                0x0000000000006ec2                __ssrefill_r
 .text.__ssvfscanf_r
                0x0000000000006efc      0x29c /Applications/Simplicity Studio.app/Contents/Eclipse/developer/toolchains/gnu_arm/4.9_2015q3/bin/../lib/gcc/arm-none-eabi/4.9.3/../../../../arm-none-eabi/lib/armv7e-m/softfp/libc_nano.a(lib_a-nano-svfscanf.o)
                0x0000000000006efc                __ssvfscanf_r
                0x0000000000006efc                __ssvfiscanf_r
 .text._printf_common
                0x0000000000007198       0xea /Applications/Simplicity Studio.app/Contents/Eclipse/developer/toolchains/gnu_arm/4.9_2015q3/bin/../lib/gcc/arm-none-eabi/4.9.3/../../../../arm-none-eabi/lib/armv7e-m/softfp/libc_nano.a(lib_a-nano-vfprintf_i.o)
                0x0000000000007198                _printf_common
 *fill*         0x0000000000007282        0x2 
 .text._printf_i
                0x0000000000007284      0x240 /Applications/Simplicity Studio.app/Contents/Eclipse/developer/toolchains/gnu_arm/4.9_2015q3/bin/../lib/gcc/arm-none-eabi/4.9.3/../../../../arm-none-eabi/lib/armv7e-m/softfp/libc_nano.a(lib_a-nano-vfprintf_i.o)
                0x0000000000007284                _printf_i
 .text._scanf_chars
                0x00000000000074c4       0xc0 /Applications/Simplicity Studio.app/Contents/Eclipse/developer/toolchains/gnu_arm/4.9_2015q3/bin/../lib/gcc/arm-none-eabi/4.9.3/../../../../arm-none-eabi/lib/armv7e-m/softfp/libc_nano.a(lib_a-nano-vfscanf_i.o)
                0x00000000000074c4                _scanf_chars
 .text._scanf_i
                0x0000000000007584      0x1e4 /Applications/Simplicity Studio.app/Contents/Eclipse/developer/toolchains/gnu_arm/4.9_2015q3/bin/../lib/gcc/arm-none-eabi/4.9.3/../../../../arm-none-eabi/lib/armv7e-m/softfp/libc_nano.a(lib_a-nano-vfscanf_i.o)
                0x0000000000007584                _scanf_i
 .text.__sccl   0x0000000000007768       0x64 /Applications/Simplicity Studio.app/Contents/Eclipse/developer/toolchains/gnu_arm/4.9_2015q3/bin/../lib/gcc/arm-none-eabi/4.9.3/../../../../arm-none-eabi/lib/armv7e-m/softfp/libc_nano.a(lib_a-sccl.o)
                0x0000000000007768                __sccl
 .text._strtol_r
                0x00000000000077cc      0x10c /Applications/Simplicity Studio.app/Contents/Eclipse/developer/toolchains/gnu_arm/4.9_2015q3/bin/../lib/gcc/arm-none-eabi/4.9.3/../../../../arm-none-eabi/lib/armv7e-m/softfp/libc_nano.a(lib_a-strtol.o)
                0x00000000000077cc                _strtol_r
 .text.__submore
                0x00000000000078d8       0x76 /Applications/Simplicity Studio.app/Contents/Eclipse/developer/toolchains/gnu_arm/4.9_2015q3/bin/../lib/gcc/arm-none-eabi/4.9.3/../../../../arm-none-eabi/lib/armv7e-m/softfp/libc_nano.a(lib_a-ungetc.o)
                0x00000000000078d8                __submore
 .text.memchr   0x000000000000794e       0x1e /Applications/Simplicity Studio.app/Contents/Eclipse/developer/toolchains/gnu_arm/4.9_2015q3/bin/../lib/gcc/arm-none-eabi/4.9.3/../../../../arm-none-eabi/lib/armv7e-m/softfp/libc_nano.a(lib_a-memchr.o)
                0x000000000000794e                memchr
 .text.memcpy   0x000000000000796c       0x16 /Applications/Simplicity Studio.app/Contents/Eclipse/developer/toolchains/gnu_arm/4.9_2015q3/bin/../lib/gcc/arm-none-eabi/4.9.3/../../../../arm-none-eabi/lib/armv7e-m/softfp/libc_nano.a(lib_a-memcpy.o)
                0x000000000000796c                memcpy
 .text.memmove  0x0000000000007982       0x36 /Applications/Simplicity Studio.app/Contents/Eclipse/developer/toolchains/gnu_arm/4.9_2015q3/bin/../lib/gcc/arm-none-eabi/4.9.3/../../../../arm-none-eabi/lib/armv7e-m/softfp/libc_nano.a(lib_a-memmove.o)
                0x0000000000007982                memmove
 .text._realloc_r
                0x00000000000079b8       0x4c /Applications/Simplicity Studio.app/Contents/Eclipse/developer/toolchains/gnu_arm/4.9_2015q3/bin/../lib/gcc/arm-none-eabi/4.9.3/../../../../arm-none-eabi/lib/armv7e-m/softfp/libc_nano.a(lib_a-nano-reallocr.o)
                0x00000000000079b8                _realloc_r
 .text._malloc_usable_size_r
                0x0000000000007a04       0x14 /Applications/Simplicity Studio.app/Contents/Eclipse/developer/toolchains/gnu_arm/4.9_2015q3/bin/../lib/gcc/arm-none-eabi/4.9.3/../../../../arm-none-eabi/lib/armv7e-m/softfp/libc_nano.a(lib_a-nano-msizer.o)
                0x0000000000007a04                _malloc_usable_size_r
 .text._gettimeofday
                0x0000000000007a18       0x10 /Applications/Simplicity Studio.app/Contents/Eclipse/developer/toolchains/gnu_arm/4.9_2015q3/bin/../lib/gcc/arm-none-eabi/4.9.3/../../../../arm-none-eabi/lib/armv7e-m/softfp/libnosys.a(gettod.o)
                0x0000000000007a18                _gettimeofday
 .text._sbrk    0x0000000000007a28       0x1c /Applications/Simplicity Studio.app/Contents/Eclipse/developer/toolchains/gnu_arm/4.9_2015q3/bin/../lib/gcc/arm-none-eabi/4.9.3/../../../../arm-none-eabi/lib/armv7e-m/softfp/libnosys.a(sbrk.o)
                0x0000000000007a28                _sbrk
 .text._exit    0x0000000000007a44        0x4 /Applications/Simplicity Studio.app/Contents/Eclipse/developer/toolchains/gnu_arm/4.9_2015q3/bin/../lib/gcc/arm-none-eabi/4.9.3/../../../../arm-none-eabi/lib/armv7e-m/softfp/libnosys.a(_exit.o)
                0x0000000000007a44                _exit
 *(.init)
 .init          0x0000000000007a48        0x4 /Applications/Simplicity Studio.app/Contents/Eclipse/developer/toolchains/gnu_arm/4.9_2015q3/bin/../lib/gcc/arm-none-eabi/4.9.3/armv7e-m/softfp/crti.o
                0x0000000000007a48                _init
 .init          0x0000000000007a4c        0x8 /Applications/Simplicity Studio.app/Contents/Eclipse/developer/toolchains/gnu_arm/4.9_2015q3/bin/../lib/gcc/arm-none-eabi/4.9.3/armv7e-m/softfp/crtn.o
 *(.fini)
 .fini          0x0000000000007a54        0x4 /Applications/Simplicity Studio.app/Contents/Eclipse/developer/toolchains/gnu_arm/4.9_2015q3/bin/../lib/gcc/arm-none-eabi/4.9.3/armv7e-m/softfp/crti.o
                0x0000000000007a54                _fini
 .fini          0x0000000000007a58        0x8 /Applications/Simplicity Studio.app/Contents/Eclipse/developer/toolchains/gnu_arm/4.9_2015q3/bin/../lib/gcc/arm-none-eabi/4.9.3/armv7e-m/softfp/crtn.o
 *crtbegin.o(.ctors)
 *crtbegin?.o(.ctors)
 *(EXCLUDE_FILE(*crtend.o *crtend?.o) .ctors)
 *(SORT(.ctors.*))
 *(.ctors)
 *crtbegin.o(.dtors)
 *crtbegin?.o(.dtors)
 *(EXCLUDE_FILE(*crtend.o *crtend?.o) .dtors)
 *(SORT(.dtors.*))
 *(.dtors)
 *(.rodata*)
 .rodata.ExCvt  0x0000000000007a60       0x80 ./FatFS/src/ff.o
 .rodata.LfnOfs
                0x0000000000007ae0        0xd ./FatFS/src/ff.o
 *fill*         0x0000000000007aed        0x3 
 .rodata        0x0000000000007af0       0x20 ./FatFS/src/ff.o
 .rodata.Tbl    0x0000000000007b10      0x100 ./FatFS/src/option/unicode.o
 .rodata.cvt1.3852
                0x0000000000007c10      0x1f2 ./FatFS/src/option/unicode.o
 *fill*         0x0000000000007e02        0x2 
 .rodata.cvt2.3853
                0x0000000000007e04       0xbc ./FatFS/src/option/unicode.o
 .rodata        0x0000000000007ec0       0x18 ./emlib/microsd.o
 .rodata        0x0000000000007ed8       0x32 ./src/epsilometer_SDcard.o
 .rodata.str1.1
                0x0000000000007f0a        0x2 /Applications/Simplicity Studio.app/Contents/Eclipse/developer/toolchains/gnu_arm/4.9_2015q3/bin/../lib/gcc/arm-none-eabi/4.9.3/../../../../arm-none-eabi/lib/armv7e-m/softfp/libc_nano.a(lib_a-impure.o)
 .rodata._global_impure_ptr
                0x0000000000007f0c        0x4 /Applications/Simplicity Studio.app/Contents/Eclipse/developer/toolchains/gnu_arm/4.9_2015q3/bin/../lib/gcc/arm-none-eabi/4.9.3/../../../../arm-none-eabi/lib/armv7e-m/softfp/libc_nano.a(lib_a-impure.o)
                0x0000000000007f0c                _global_impure_ptr
 .rodata.__month_lengths
                0x0000000000007f10       0x60 /Applications/Simplicity Studio.app/Contents/Eclipse/developer/toolchains/gnu_arm/4.9_2015q3/bin/../lib/gcc/arm-none-eabi/4.9.3/../../../../arm-none-eabi/lib/armv7e-m/softfp/libc_nano.a(lib_a-month_lengths.o)
                0x0000000000007f10                __month_lengths
 .rodata.str1.1
                0x0000000000007f70       0x3c /Applications/Simplicity Studio.app/Contents/Eclipse/developer/toolchains/gnu_arm/4.9_2015q3/bin/../lib/gcc/arm-none-eabi/4.9.3/../../../../arm-none-eabi/lib/armv7e-m/softfp/libc_nano.a(lib_a-tzset_r.o)
                                         0x4e (size before relaxing)
 .rodata.str1.1
                0x0000000000000000        0x4 /Applications/Simplicity Studio.app/Contents/Eclipse/developer/toolchains/gnu_arm/4.9_2015q3/bin/../lib/gcc/arm-none-eabi/4.9.3/../../../../arm-none-eabi/lib/armv7e-m/softfp/libc_nano.a(lib_a-tzvars.o)
 .rodata.day_name.4676
                0x0000000000007fac       0x15 /Applications/Simplicity Studio.app/Contents/Eclipse/developer/toolchains/gnu_arm/4.9_2015q3/bin/../lib/gcc/arm-none-eabi/4.9.3/../../../../arm-none-eabi/lib/armv7e-m/softfp/libc_nano.a(lib_a-asctime_r.o)
 .rodata.mon_name.4677
                0x0000000000007fc1       0x24 /Applications/Simplicity Studio.app/Contents/Eclipse/developer/toolchains/gnu_arm/4.9_2015q3/bin/../lib/gcc/arm-none-eabi/4.9.3/../../../../arm-none-eabi/lib/armv7e-m/softfp/libc_nano.a(lib_a-asctime_r.o)
 .rodata.str1.1
                0x0000000000007fe5       0x20 /Applications/Simplicity Studio.app/Contents/Eclipse/developer/toolchains/gnu_arm/4.9_2015q3/bin/../lib/gcc/arm-none-eabi/4.9.3/../../../../arm-none-eabi/lib/armv7e-m/softfp/libc_nano.a(lib_a-asctime_r.o)
 .rodata._ctype_
                0x0000000000008005      0x101 /Applications/Simplicity Studio.app/Contents/Eclipse/developer/toolchains/gnu_arm/4.9_2015q3/bin/../lib/gcc/arm-none-eabi/4.9.3/../../../../arm-none-eabi/lib/armv7e-m/softfp/libc_nano.a(lib_a-ctype_.o)
                0x0000000000008005                _ctype_
 .rodata.str1.1
                0x0000000000008106       0x11 /Applications/Simplicity Studio.app/Contents/Eclipse/developer/toolchains/gnu_arm/4.9_2015q3/bin/../lib/gcc/arm-none-eabi/4.9.3/../../../../arm-none-eabi/lib/armv7e-m/softfp/libc_nano.a(lib_a-nano-svfprintf.o)
 .rodata.str1.1
                0x0000000000000000        0x4 /Applications/Simplicity Studio.app/Contents/Eclipse/developer/toolchains/gnu_arm/4.9_2015q3/bin/../lib/gcc/arm-none-eabi/4.9.3/../../../../arm-none-eabi/lib/armv7e-m/softfp/libc_nano.a(lib_a-nano-svfscanf.o)
 .rodata.str1.1
                0x0000000000008117       0x22 /Applications/Simplicity Studio.app/Contents/Eclipse/developer/toolchains/gnu_arm/4.9_2015q3/bin/../lib/gcc/arm-none-eabi/4.9.3/../../../../arm-none-eabi/lib/armv7e-m/softfp/libc_nano.a(lib_a-nano-vfprintf_i.o)
 *fill*         0x0000000000008139        0x3 
 .rodata        0x000000000000813c        0xc /Applications/Simplicity Studio.app/Contents/Eclipse/developer/toolchains/gnu_arm/4.9_2015q3/bin/../lib/gcc/arm-none-eabi/4.9.3/../../../../arm-none-eabi/lib/armv7e-m/softfp/libc_nano.a(lib_a-nano-vfscanf_i.o)
 .rodata.str1.1
                0x0000000000008148       0x1b /Applications/Simplicity Studio.app/Contents/Eclipse/developer/toolchains/gnu_arm/4.9_2015q3/bin/../lib/gcc/arm-none-eabi/4.9.3/../../../../arm-none-eabi/lib/armv7e-m/softfp/libc_nano.a(lib_a-nano-vfscanf_i.o)
 *fill*         0x0000000000008163        0x1 
 .rodata.__sf_fake_stdin
                0x0000000000008164       0x20 /Applications/Simplicity Studio.app/Contents/Eclipse/developer/toolchains/gnu_arm/4.9_2015q3/bin/../lib/gcc/arm-none-eabi/4.9.3/../../../../arm-none-eabi/lib/armv7e-m/softfp/libc_nano.a(lib_a-findfp.o)
                0x0000000000008164                __sf_fake_stdin
 .rodata.__sf_fake_stdout
                0x0000000000008184       0x20 /Applications/Simplicity Studio.app/Contents/Eclipse/developer/toolchains/gnu_arm/4.9_2015q3/bin/../lib/gcc/arm-none-eabi/4.9.3/../../../../arm-none-eabi/lib/armv7e-m/softfp/libc_nano.a(lib_a-findfp.o)
                0x0000000000008184                __sf_fake_stdout
 .rodata.__sf_fake_stderr
                0x00000000000081a4       0x20 /Applications/Simplicity Studio.app/Contents/Eclipse/developer/toolchains/gnu_arm/4.9_2015q3/bin/../lib/gcc/arm-none-eabi/4.9.3/../../../../arm-none-eabi/lib/armv7e-m/softfp/libc_nano.a(lib_a-findfp.o)
                0x00000000000081a4                __sf_fake_stderr
 *(.eh_frame*)
 .eh_frame      0x00000000000081c4        0x0 /Applications/Simplicity Studio.app/Contents/Eclipse/developer/toolchains/gnu_arm/4.9_2015q3/bin/../lib/gcc/arm-none-eabi/4.9.3/armv7e-m/softfp/crtbegin.o
 .eh_frame      0x00000000000081c4       0x28 /Applications/Simplicity Studio.app/Contents/Eclipse/developer/toolchains/gnu_arm/4.9_2015q3/bin/../lib/gcc/arm-none-eabi/4.9.3/../../../../arm-none-eabi/lib/armv7e-m/softfp/libc_nano.a(lib_a-strcmp.o)
 .eh_frame      0x00000000000081ec        0x4 /Applications/Simplicity Studio.app/Contents/Eclipse/developer/toolchains/gnu_arm/4.9_2015q3/bin/../lib/gcc/arm-none-eabi/4.9.3/armv7e-m/softfp/crtend.o

.glue_7         0x00000000000081f0        0x0
 .glue_7        0x0000000000000000        0x0 linker stubs

.glue_7t        0x00000000000081f0        0x0
 .glue_7t       0x0000000000000000        0x0 linker stubs

.vfp11_veneer   0x00000000000081f0        0x0
 .vfp11_veneer  0x0000000000000000        0x0 linker stubs

.v4_bx          0x00000000000081f0        0x0
 .v4_bx         0x0000000000000000        0x0 linker stubs

.iplt           0x00000000000081f0        0x0
 .iplt          0x0000000000000000        0x0 /Applications/Simplicity Studio.app/Contents/Eclipse/developer/toolchains/gnu_arm/4.9_2015q3/bin/../lib/gcc/arm-none-eabi/4.9.3/armv7e-m/softfp/crtbegin.o

.ARM.extab
 *(.ARM.extab* .gnu.linkonce.armextab.*)
                0x00000000000081f0                __exidx_start = .

.ARM.exidx      0x00000000000081f0        0x8
 *(.ARM.exidx* .gnu.linkonce.armexidx.*)
 .ARM.exidx     0x00000000000081f0        0x8 /Applications/Simplicity Studio.app/Contents/Eclipse/developer/toolchains/gnu_arm/4.9_2015q3/bin/../lib/gcc/arm-none-eabi/4.9.3/../../../../arm-none-eabi/lib/armv7e-m/softfp/crt0.o
                0x00000000000081f8                __exidx_end = .
                0x00000000000081f8                __etext = .

.rel.dyn        0x00000000000081f8        0x0
 .rel.iplt      0x0000000000000000        0x0 /Applications/Simplicity Studio.app/Contents/Eclipse/developer/toolchains/gnu_arm/4.9_2015q3/bin/../lib/gcc/arm-none-eabi/4.9.3/armv7e-m/softfp/crtbegin.o

.data           0x0000000020000000       0xd4 load address 0x00000000000081f8
                0x0000000020000000                __data_start__ = .
 *(vtable)
 *(.data*)
 .data.SystemHFXOClock
                0x0000000020000000        0x4 ./CMSIS/EFM32WG/system_efm32wg.o
 .data.SystemLFXOClock
                0x0000000020000004        0x4 ./CMSIS/EFM32WG/system_efm32wg.o
 .data.stat     0x0000000020000008        0x1 ./FatFS/silabs_diskio.o
 *fill*         0x0000000020000009        0x3 
 .data.cur_min.6946
                0x000000002000000c        0x4 ./src/epsilometer_SDcard.o
 .data.cur_sec.6947
                0x0000000020000010        0x4 ./src/epsilometer_SDcard.o
 .data.impure_data
                0x0000000020000014       0x60 /Applications/Simplicity Studio.app/Contents/Eclipse/developer/toolchains/gnu_arm/4.9_2015q3/bin/../lib/gcc/arm-none-eabi/4.9.3/../../../../arm-none-eabi/lib/armv7e-m/softfp/libc_nano.a(lib_a-impure.o)
 .data._impure_ptr
                0x0000000020000074        0x4 /Applications/Simplicity Studio.app/Contents/Eclipse/developer/toolchains/gnu_arm/4.9_2015q3/bin/../lib/gcc/arm-none-eabi/4.9.3/../../../../arm-none-eabi/lib/armv7e-m/softfp/libc_nano.a(lib_a-impure.o)
                0x0000000020000074                _impure_ptr
 .data._tzname  0x0000000020000078        0x8 /Applications/Simplicity Studio.app/Contents/Eclipse/developer/toolchains/gnu_arm/4.9_2015q3/bin/../lib/gcc/arm-none-eabi/4.9.3/../../../../arm-none-eabi/lib/armv7e-m/softfp/libc_nano.a(lib_a-tzvars.o)
                0x0000000020000078                _tzname
 .data.tzinfo   0x0000000020000080       0x40 /Applications/Simplicity Studio.app/Contents/Eclipse/developer/toolchains/gnu_arm/4.9_2015q3/bin/../lib/gcc/arm-none-eabi/4.9.3/../../../../arm-none-eabi/lib/armv7e-m/softfp/libc_nano.a(lib_a-gettzinfo.o)
 .data.__ctype_ptr__
                0x00000000200000c0        0x4 /Applications/Simplicity Studio.app/Contents/Eclipse/developer/toolchains/gnu_arm/4.9_2015q3/bin/../lib/gcc/arm-none-eabi/4.9.3/../../../../arm-none-eabi/lib/armv7e-m/softfp/libc_nano.a(lib_a-ctype_.o)
                0x00000000200000c0                __ctype_ptr__
 .data.environ  0x00000000200000c4        0x4 /Applications/Simplicity Studio.app/Contents/Eclipse/developer/toolchains/gnu_arm/4.9_2015q3/bin/../lib/gcc/arm-none-eabi/4.9.3/../../../../arm-none-eabi/lib/armv7e-m/softfp/libc_nano.a(lib_a-environ.o)
                0x00000000200000c4                environ
                0x00000000200000c8                . = ALIGN (0x4)
 *(.ram)
                0x00000000200000c8                . = ALIGN (0x4)
                0x00000000200000c8                PROVIDE (__preinit_array_start, .)
 *(.preinit_array)
                0x00000000200000c8                PROVIDE (__preinit_array_end, .)
                0x00000000200000c8                . = ALIGN (0x4)
                0x00000000200000c8                PROVIDE (__init_array_start, .)
 *(SORT(.init_array.*))
 *(.init_array)
 .init_array    0x00000000200000c8        0x4 /Applications/Simplicity Studio.app/Contents/Eclipse/developer/toolchains/gnu_arm/4.9_2015q3/bin/../lib/gcc/arm-none-eabi/4.9.3/armv7e-m/softfp/crtbegin.o
                0x00000000200000cc                PROVIDE (__init_array_end, .)
                0x00000000200000cc                . = ALIGN (0x4)
                0x00000000200000cc                PROVIDE (__fini_array_start, .)
 *(SORT(.fini_array.*))
 *(.fini_array)
 .fini_array    0x00000000200000cc        0x4 /Applications/Simplicity Studio.app/Contents/Eclipse/developer/toolchains/gnu_arm/4.9_2015q3/bin/../lib/gcc/arm-none-eabi/4.9.3/armv7e-m/softfp/crtbegin.o
                0x00000000200000d0                PROVIDE (__fini_array_end, .)
 *(.jcr*)
 .jcr           0x00000000200000d0        0x0 /Applications/Simplicity Studio.app/Contents/Eclipse/developer/toolchains/gnu_arm/4.9_2015q3/bin/../lib/gcc/arm-none-eabi/4.9.3/armv7e-m/softfp/crtbegin.o
 .jcr           0x00000000200000d0        0x4 /Applications/Simplicity Studio.app/Contents/Eclipse/developer/toolchains/gnu_arm/4.9_2015q3/bin/../lib/gcc/arm-none-eabi/4.9.3/armv7e-m/softfp/crtend.o
                0x00000000200000d4                . = ALIGN (0x4)
                0x00000000200000d4                __data_end__ = .

.igot.plt       0x00000000200000d4        0x0 load address 0x00000000000082cc
 .igot.plt      0x0000000000000000        0x0 /Applications/Simplicity Studio.app/Contents/Eclipse/developer/toolchains/gnu_arm/4.9_2015q3/bin/../lib/gcc/arm-none-eabi/4.9.3/armv7e-m/softfp/crtbegin.o

.bss            0x00000000200000d8      0xb8c load address 0x00000000000082d0
                0x00000000200000d8                . = ALIGN (0x4)
                0x00000000200000d8                __bss_start__ = .
 *(.bss*)
 .bss           0x00000000200000d8       0x1c /Applications/Simplicity Studio.app/Contents/Eclipse/developer/toolchains/gnu_arm/4.9_2015q3/bin/../lib/gcc/arm-none-eabi/4.9.3/armv7e-m/softfp/crtbegin.o
 .bss.CardType  0x00000000200000f4        0x4 ./FatFS/silabs_diskio.o
 .bss.FatFs     0x00000000200000f8        0x4 ./FatFS/src/ff.o
 .bss.Fsid      0x00000000200000fc        0x2 ./FatFS/src/ff.o
 *fill*         0x00000000200000fe        0x2 
 .bss.DirBuf    0x0000000020000100      0x260 ./FatFS/src/ff.o
 .bss.LfnBuf    0x0000000020000360      0x200 ./FatFS/src/ff.o
 .bss.cmuStatus
                0x0000000020000560        0x4 ./emlib/em_emu.o
 .bss.timeOut   0x0000000020000564        0x4 ./emlib/microsd.o
 .bss.xfersPrMsec
                0x0000000020000568        0x4 ./emlib/microsd.o
 .bss.gulclockset
                0x000000002000056c        0x4 ./src/epsilometer_CMU_init.o
                0x000000002000056c                gulclockset
 .bss.__tzname_dst
                0x0000000020000570        0xb /Applications/Simplicity Studio.app/Contents/Eclipse/developer/toolchains/gnu_arm/4.9_2015q3/bin/../lib/gcc/arm-none-eabi/4.9.3/../../../../arm-none-eabi/lib/armv7e-m/softfp/libc_nano.a(lib_a-tzset_r.o)
 .bss.__tzname_std
                0x000000002000057b        0xb /Applications/Simplicity Studio.app/Contents/Eclipse/developer/toolchains/gnu_arm/4.9_2015q3/bin/../lib/gcc/arm-none-eabi/4.9.3/../../../../arm-none-eabi/lib/armv7e-m/softfp/libc_nano.a(lib_a-tzset_r.o)
 *fill*         0x0000000020000586        0x2 
 .bss.prev_tzenv
                0x0000000020000588        0x4 /Applications/Simplicity Studio.app/Contents/Eclipse/developer/toolchains/gnu_arm/4.9_2015q3/bin/../lib/gcc/arm-none-eabi/4.9.3/../../../../arm-none-eabi/lib/armv7e-m/softfp/libc_nano.a(lib_a-tzset_r.o)
 .bss._daylight
                0x000000002000058c        0x4 /Applications/Simplicity Studio.app/Contents/Eclipse/developer/toolchains/gnu_arm/4.9_2015q3/bin/../lib/gcc/arm-none-eabi/4.9.3/../../../../arm-none-eabi/lib/armv7e-m/softfp/libc_nano.a(lib_a-tzvars.o)
                0x000000002000058c                _daylight
 .bss._timezone
                0x0000000020000590        0x4 /Applications/Simplicity Studio.app/Contents/Eclipse/developer/toolchains/gnu_arm/4.9_2015q3/bin/../lib/gcc/arm-none-eabi/4.9.3/../../../../arm-none-eabi/lib/armv7e-m/softfp/libc_nano.a(lib_a-tzvars.o)
                0x0000000020000590                _timezone
 .bss.__malloc_sbrk_start
                0x0000000020000594        0x4 /Applications/Simplicity Studio.app/Contents/Eclipse/developer/toolchains/gnu_arm/4.9_2015q3/bin/../lib/gcc/arm-none-eabi/4.9.3/../../../../arm-none-eabi/lib/armv7e-m/softfp/libc_nano.a(lib_a-nano-mallocr.o)
                0x0000000020000594                __malloc_sbrk_start
 .bss.__malloc_free_list
                0x0000000020000598        0x4 /Applications/Simplicity Studio.app/Contents/Eclipse/developer/toolchains/gnu_arm/4.9_2015q3/bin/../lib/gcc/arm-none-eabi/4.9.3/../../../../arm-none-eabi/lib/armv7e-m/softfp/libc_nano.a(lib_a-nano-mallocr.o)
                0x0000000020000598                __malloc_free_list
 .bss.initial_env
                0x000000002000059c        0x4 /Applications/Simplicity Studio.app/Contents/Eclipse/developer/toolchains/gnu_arm/4.9_2015q3/bin/../lib/gcc/arm-none-eabi/4.9.3/../../../../arm-none-eabi/lib/armv7e-m/softfp/libc_nano.a(lib_a-environ.o)
 .bss.heap_end.4079
                0x00000000200005a0        0x4 /Applications/Simplicity Studio.app/Contents/Eclipse/developer/toolchains/gnu_arm/4.9_2015q3/bin/../lib/gcc/arm-none-eabi/4.9.3/../../../../arm-none-eabi/lib/armv7e-m/softfp/libnosys.a(sbrk.o)
 *(COMMON)
 COMMON         0x00000000200005a4        0x4 ./CMSIS/EFM32WG/system_efm32wg.o
                0x00000000200005a4                SystemCoreClock
 COMMON         0x00000000200005a8      0x6b5 ./src/epsilometer_SDcard.o
                0x00000000200005a8                Fatfs
                0x00000000200007e0                pendingSamples
                0x00000000200007e4                br
                0x00000000200007e8                tx_bytes_sent
                0x00000000200007ec                filename
                0x00000000200009ec                res_mount
                0x00000000200009f0                fsrc
                0x0000000020000c38                State
                0x0000000020000c3c                dataBuffer
                0x0000000020000c40                channelSample
                0x0000000020000c44                byte_per_sample
                0x0000000020000c48                SDwritten
                0x0000000020000c4c                resCard
                0x0000000020000c50                bw
                0x0000000020000c54                buffer_size
                0x0000000020000c58                sd_block
                0x0000000020000c5c                res
 *fill*         0x0000000020000c5d        0x3 
 COMMON         0x0000000020000c60        0x4 /Applications/Simplicity Studio.app/Contents/Eclipse/developer/toolchains/gnu_arm/4.9_2015q3/bin/../lib/gcc/arm-none-eabi/4.9.3/../../../../arm-none-eabi/lib/armv7e-m/softfp/libc_nano.a(lib_a-reent.o)
                0x0000000020000c60                errno
                0x0000000020000c64                . = ALIGN (0x4)
                0x0000000020000c64                __bss_end__ = .

.heap           0x0000000020000c68      0xc00
                0x0000000020000c68                __HeapBase = .
                0x0000000020000c68                __end__ = .
                0x0000000020000c68                end = __end__
                0x0000000020000c68                _end = __end__
 *(.heap*)
 .heap          0x0000000020000c68      0xc00 ./CMSIS/EFM32WG/startup_efm32wg.o
                0x0000000020001868                __HeapLimit = .

.stack_dummy    0x0000000020000c68      0x400
 *(.stack*)
 .stack         0x0000000020000c68      0x400 ./CMSIS/EFM32WG/startup_efm32wg.o
                0x0000000020008000                __StackTop = (ORIGIN (RAM) + 0x8000)
                0x0000000020007c00                __StackLimit = (__StackTop - SIZEOF (.stack_dummy))
                0x0000000020008000                PROVIDE (__stack, __StackTop)
                0x0000000000000001                ASSERT ((__StackLimit >= __HeapLimit), region RAM overflowed with stack)
                0x0000000000000001                ASSERT ((0x40000 >= (__etext + SIZEOF (.data))), FLASH memory overflowed !)
OUTPUT(MADRE_SD.axf elf32-littlearm)

.ARM.attributes
                0x0000000000000000       0x2e
 .ARM.attributes
                0x0000000000000000       0x22 /Applications/Simplicity Studio.app/Contents/Eclipse/developer/toolchains/gnu_arm/4.9_2015q3/bin/../lib/gcc/arm-none-eabi/4.9.3/armv7e-m/softfp/crti.o
 .ARM.attributes
                0x0000000000000022       0x32 /Applications/Simplicity Studio.app/Contents/Eclipse/developer/toolchains/gnu_arm/4.9_2015q3/bin/../lib/gcc/arm-none-eabi/4.9.3/armv7e-m/softfp/crtbegin.o
 .ARM.attributes
                0x0000000000000054       0x20 /Applications/Simplicity Studio.app/Contents/Eclipse/developer/toolchains/gnu_arm/4.9_2015q3/bin/../lib/gcc/arm-none-eabi/4.9.3/../../../../arm-none-eabi/lib/armv7e-m/softfp/crt0.o
 .ARM.attributes
                0x0000000000000074       0x1b ./CMSIS/EFM32WG/startup_efm32wg.o
 .ARM.attributes
                0x000000000000008f       0x37 ./CMSIS/EFM32WG/system_efm32wg.o
 .ARM.attributes
                0x00000000000000c6       0x37 ./FatFS/silabs_diskio.o
 .ARM.attributes
                0x00000000000000fd       0x37 ./FatFS/src/ff.o
 .ARM.attributes
                0x0000000000000134       0x37 ./FatFS/src/option/unicode.o
 .ARM.attributes
                0x000000000000016b       0x37 ./emlib/em_cmu.o
 .ARM.attributes
                0x00000000000001a2       0x37 ./emlib/em_emu.o
 .ARM.attributes
                0x00000000000001d9       0x37 ./emlib/em_gpio.o
 .ARM.attributes
                0x0000000000000210       0x37 ./emlib/em_usart.o
 .ARM.attributes
                0x0000000000000247       0x37 ./emlib/microsd.o
 .ARM.attributes
                0x000000000000027e       0x37 ./src/epsilometer_CMU_init.o
 .ARM.attributes
                0x00000000000002b5       0x37 ./src/epsilometer_GPIO_init.o
 .ARM.attributes
                0x00000000000002ec       0x37 ./src/epsilometer_SDcard.o
 .ARM.attributes
                0x0000000000000323       0x37 ./src/epsilometer_main.o
 .ARM.attributes
                0x000000000000035a       0x37 ./src/epsilometer_menu.o
 .ARM.attributes
                0x0000000000000391       0x32 /Applications/Simplicity Studio.app/Contents/Eclipse/developer/toolchains/gnu_arm/4.9_2015q3/bin/../lib/gcc/arm-none-eabi/4.9.3/../../../../arm-none-eabi/lib/armv7e-m/softfp/libc_nano.a(lib_a-ctime_r.o)
 .ARM.attributes
                0x00000000000003c3       0x32 /Applications/Simplicity Studio.app/Contents/Eclipse/developer/toolchains/gnu_arm/4.9_2015q3/bin/../lib/gcc/arm-none-eabi/4.9.3/../../../../arm-none-eabi/lib/armv7e-m/softfp/libc_nano.a(lib_a-exit.o)
 .ARM.attributes
                0x00000000000003f5       0x32 /Applications/Simplicity Studio.app/Contents/Eclipse/developer/toolchains/gnu_arm/4.9_2015q3/bin/../lib/gcc/arm-none-eabi/4.9.3/../../../../arm-none-eabi/lib/armv7e-m/softfp/libc_nano.a(lib_a-impure.o)
 .ARM.attributes
                0x0000000000000427       0x32 /Applications/Simplicity Studio.app/Contents/Eclipse/developer/toolchains/gnu_arm/4.9_2015q3/bin/../lib/gcc/arm-none-eabi/4.9.3/../../../../arm-none-eabi/lib/armv7e-m/softfp/libc_nano.a(lib_a-init.o)
 .ARM.attributes
                0x0000000000000459       0x32 /Applications/Simplicity Studio.app/Contents/Eclipse/developer/toolchains/gnu_arm/4.9_2015q3/bin/../lib/gcc/arm-none-eabi/4.9.3/../../../../arm-none-eabi/lib/armv7e-m/softfp/libc_nano.a(lib_a-lcltime_r.o)
 .ARM.attributes
                0x000000000000048b       0x32 /Applications/Simplicity Studio.app/Contents/Eclipse/developer/toolchains/gnu_arm/4.9_2015q3/bin/../lib/gcc/arm-none-eabi/4.9.3/../../../../arm-none-eabi/lib/armv7e-m/softfp/libc_nano.a(lib_a-memset.o)
 .ARM.attributes
                0x00000000000004bd       0x32 /Applications/Simplicity Studio.app/Contents/Eclipse/developer/toolchains/gnu_arm/4.9_2015q3/bin/../lib/gcc/arm-none-eabi/4.9.3/../../../../arm-none-eabi/lib/armv7e-m/softfp/libc_nano.a(lib_a-month_lengths.o)
 .ARM.attributes
                0x00000000000004ef       0x32 /Applications/Simplicity Studio.app/Contents/Eclipse/developer/toolchains/gnu_arm/4.9_2015q3/bin/../lib/gcc/arm-none-eabi/4.9.3/../../../../arm-none-eabi/lib/armv7e-m/softfp/libc_nano.a(lib_a-strlen.o)
 .ARM.attributes
                0x0000000000000521       0x32 /Applications/Simplicity Studio.app/Contents/Eclipse/developer/toolchains/gnu_arm/4.9_2015q3/bin/../lib/gcc/arm-none-eabi/4.9.3/../../../../arm-none-eabi/lib/armv7e-m/softfp/libc_nano.a(lib_a-strncpy.o)
 .ARM.attributes
                0x0000000000000553       0x32 /Applications/Simplicity Studio.app/Contents/Eclipse/developer/toolchains/gnu_arm/4.9_2015q3/bin/../lib/gcc/arm-none-eabi/4.9.3/../../../../arm-none-eabi/lib/armv7e-m/softfp/libc_nano.a(lib_a-time.o)
 .ARM.attributes
                0x0000000000000585       0x32 /Applications/Simplicity Studio.app/Contents/Eclipse/developer/toolchains/gnu_arm/4.9_2015q3/bin/../lib/gcc/arm-none-eabi/4.9.3/../../../../arm-none-eabi/lib/armv7e-m/softfp/libc_nano.a(lib_a-tzcalc_limits.o)
 .ARM.attributes
                0x00000000000005b7       0x32 /Applications/Simplicity Studio.app/Contents/Eclipse/developer/toolchains/gnu_arm/4.9_2015q3/bin/../lib/gcc/arm-none-eabi/4.9.3/../../../../arm-none-eabi/lib/armv7e-m/softfp/libc_nano.a(lib_a-tzlock.o)
 .ARM.attributes
                0x00000000000005e9       0x32 /Applications/Simplicity Studio.app/Contents/Eclipse/developer/toolchains/gnu_arm/4.9_2015q3/bin/../lib/gcc/arm-none-eabi/4.9.3/../../../../arm-none-eabi/lib/armv7e-m/softfp/libc_nano.a(lib_a-tzset.o)
 .ARM.attributes
                0x000000000000061b       0x32 /Applications/Simplicity Studio.app/Contents/Eclipse/developer/toolchains/gnu_arm/4.9_2015q3/bin/../lib/gcc/arm-none-eabi/4.9.3/../../../../arm-none-eabi/lib/armv7e-m/softfp/libc_nano.a(lib_a-tzset_r.o)
 .ARM.attributes
                0x000000000000064d       0x32 /Applications/Simplicity Studio.app/Contents/Eclipse/developer/toolchains/gnu_arm/4.9_2015q3/bin/../lib/gcc/arm-none-eabi/4.9.3/../../../../arm-none-eabi/lib/armv7e-m/softfp/libc_nano.a(lib_a-tzvars.o)
 .ARM.attributes
                0x000000000000067f       0x32 /Applications/Simplicity Studio.app/Contents/Eclipse/developer/toolchains/gnu_arm/4.9_2015q3/bin/../lib/gcc/arm-none-eabi/4.9.3/../../../../arm-none-eabi/lib/armv7e-m/softfp/libc_nano.a(lib_a-asctime_r.o)
 .ARM.attributes
                0x00000000000006b1       0x32 /Applications/Simplicity Studio.app/Contents/Eclipse/developer/toolchains/gnu_arm/4.9_2015q3/bin/../lib/gcc/arm-none-eabi/4.9.3/../../../../arm-none-eabi/lib/armv7e-m/softfp/libc_nano.a(lib_a-getenv_r.o)
 .ARM.attributes
                0x00000000000006e3       0x32 /Applications/Simplicity Studio.app/Contents/Eclipse/developer/toolchains/gnu_arm/4.9_2015q3/bin/../lib/gcc/arm-none-eabi/4.9.3/../../../../arm-none-eabi/lib/armv7e-m/softfp/libc_nano.a(lib_a-gettimeofdayr.o)
 .ARM.attributes
                0x0000000000000715       0x32 /Applications/Simplicity Studio.app/Contents/Eclipse/developer/toolchains/gnu_arm/4.9_2015q3/bin/../lib/gcc/arm-none-eabi/4.9.3/../../../../arm-none-eabi/lib/armv7e-m/softfp/libc_nano.a(lib_a-gettzinfo.o)
 .ARM.attributes
                0x0000000000000747       0x32 /Applications/Simplicity Studio.app/Contents/Eclipse/developer/toolchains/gnu_arm/4.9_2015q3/bin/../lib/gcc/arm-none-eabi/4.9.3/../../../../arm-none-eabi/lib/armv7e-m/softfp/libc_nano.a(lib_a-gmtime_r.o)
 .ARM.attributes
                0x0000000000000779       0x32 /Applications/Simplicity Studio.app/Contents/Eclipse/developer/toolchains/gnu_arm/4.9_2015q3/bin/../lib/gcc/arm-none-eabi/4.9.3/../../../../arm-none-eabi/lib/armv7e-m/softfp/libc_nano.a(lib_a-malloc.o)
 .ARM.attributes
                0x00000000000007ab       0x32 /Applications/Simplicity Studio.app/Contents/Eclipse/developer/toolchains/gnu_arm/4.9_2015q3/bin/../lib/gcc/arm-none-eabi/4.9.3/../../../../arm-none-eabi/lib/armv7e-m/softfp/libc_nano.a(lib_a-nano-freer.o)
 .ARM.attributes
                0x00000000000007dd       0x32 /Applications/Simplicity Studio.app/Contents/Eclipse/developer/toolchains/gnu_arm/4.9_2015q3/bin/../lib/gcc/arm-none-eabi/4.9.3/../../../../arm-none-eabi/lib/armv7e-m/softfp/libc_nano.a(lib_a-nano-mallocr.o)
 .ARM.attributes
                0x000000000000080f       0x32 /Applications/Simplicity Studio.app/Contents/Eclipse/developer/toolchains/gnu_arm/4.9_2015q3/bin/../lib/gcc/arm-none-eabi/4.9.3/../../../../arm-none-eabi/lib/armv7e-m/softfp/libc_nano.a(lib_a-reent.o)
 .ARM.attributes
                0x0000000000000841       0x32 /Applications/Simplicity Studio.app/Contents/Eclipse/developer/toolchains/gnu_arm/4.9_2015q3/bin/../lib/gcc/arm-none-eabi/4.9.3/../../../../arm-none-eabi/lib/armv7e-m/softfp/libc_nano.a(lib_a-sbrkr.o)
 .ARM.attributes
                0x0000000000000873       0x32 /Applications/Simplicity Studio.app/Contents/Eclipse/developer/toolchains/gnu_arm/4.9_2015q3/bin/../lib/gcc/arm-none-eabi/4.9.3/../../../../arm-none-eabi/lib/armv7e-m/softfp/libc_nano.a(lib_a-sprintf.o)
 .ARM.attributes
                0x00000000000008a5       0x32 /Applications/Simplicity Studio.app/Contents/Eclipse/developer/toolchains/gnu_arm/4.9_2015q3/bin/../lib/gcc/arm-none-eabi/4.9.3/../../../../arm-none-eabi/lib/armv7e-m/softfp/libc_nano.a(lib_a-sscanf.o)
 .ARM.attributes
                0x00000000000008d7       0x32 /Applications/Simplicity Studio.app/Contents/Eclipse/developer/toolchains/gnu_arm/4.9_2015q3/bin/../lib/gcc/arm-none-eabi/4.9.3/../../../../arm-none-eabi/lib/armv7e-m/softfp/libc_nano.a(lib_a-stdio.o)
 .ARM.attributes
                0x0000000000000909       0x20 /Applications/Simplicity Studio.app/Contents/Eclipse/developer/toolchains/gnu_arm/4.9_2015q3/bin/../lib/gcc/arm-none-eabi/4.9.3/../../../../arm-none-eabi/lib/armv7e-m/softfp/libc_nano.a(lib_a-strcmp.o)
 .ARM.attributes
                0x0000000000000929       0x32 /Applications/Simplicity Studio.app/Contents/Eclipse/developer/toolchains/gnu_arm/4.9_2015q3/bin/../lib/gcc/arm-none-eabi/4.9.3/../../../../arm-none-eabi/lib/armv7e-m/softfp/libc_nano.a(lib_a-strcpy.o)
 .ARM.attributes
                0x000000000000095b       0x32 /Applications/Simplicity Studio.app/Contents/Eclipse/developer/toolchains/gnu_arm/4.9_2015q3/bin/../lib/gcc/arm-none-eabi/4.9.3/../../../../arm-none-eabi/lib/armv7e-m/softfp/libc_nano.a(lib_a-strncmp.o)
 .ARM.attributes
                0x000000000000098d       0x32 /Applications/Simplicity Studio.app/Contents/Eclipse/developer/toolchains/gnu_arm/4.9_2015q3/bin/../lib/gcc/arm-none-eabi/4.9.3/../../../../arm-none-eabi/lib/armv7e-m/softfp/libc_nano.a(lib_a-strtoul.o)
 .ARM.attributes
                0x00000000000009bf       0x32 /Applications/Simplicity Studio.app/Contents/Eclipse/developer/toolchains/gnu_arm/4.9_2015q3/bin/../lib/gcc/arm-none-eabi/4.9.3/../../../../arm-none-eabi/lib/armv7e-m/softfp/libc_nano.a(lib_a-ctype_.o)
 .ARM.attributes
                0x00000000000009f1       0x32 /Applications/Simplicity Studio.app/Contents/Eclipse/developer/toolchains/gnu_arm/4.9_2015q3/bin/../lib/gcc/arm-none-eabi/4.9.3/../../../../arm-none-eabi/lib/armv7e-m/softfp/libc_nano.a(lib_a-environ.o)
 .ARM.attributes
                0x0000000000000a23       0x32 /Applications/Simplicity Studio.app/Contents/Eclipse/developer/toolchains/gnu_arm/4.9_2015q3/bin/../lib/gcc/arm-none-eabi/4.9.3/../../../../arm-none-eabi/lib/armv7e-m/softfp/libc_nano.a(lib_a-envlock.o)
 .ARM.attributes
                0x0000000000000a55       0x32 /Applications/Simplicity Studio.app/Contents/Eclipse/developer/toolchains/gnu_arm/4.9_2015q3/bin/../lib/gcc/arm-none-eabi/4.9.3/../../../../arm-none-eabi/lib/armv7e-m/softfp/libc_nano.a(lib_a-nano-svfprintf.o)
 .ARM.attributes
                0x0000000000000a87       0x32 /Applications/Simplicity Studio.app/Contents/Eclipse/developer/toolchains/gnu_arm/4.9_2015q3/bin/../lib/gcc/arm-none-eabi/4.9.3/../../../../arm-none-eabi/lib/armv7e-m/softfp/libc_nano.a(lib_a-nano-svfscanf.o)
 .ARM.attributes
                0x0000000000000ab9       0x32 /Applications/Simplicity Studio.app/Contents/Eclipse/developer/toolchains/gnu_arm/4.9_2015q3/bin/../lib/gcc/arm-none-eabi/4.9.3/../../../../arm-none-eabi/lib/armv7e-m/softfp/libc_nano.a(lib_a-nano-vfprintf_i.o)
 .ARM.attributes
                0x0000000000000aeb       0x32 /Applications/Simplicity Studio.app/Contents/Eclipse/developer/toolchains/gnu_arm/4.9_2015q3/bin/../lib/gcc/arm-none-eabi/4.9.3/../../../../arm-none-eabi/lib/armv7e-m/softfp/libc_nano.a(lib_a-nano-vfscanf_i.o)
 .ARM.attributes
                0x0000000000000b1d       0x32 /Applications/Simplicity Studio.app/Contents/Eclipse/developer/toolchains/gnu_arm/4.9_2015q3/bin/../lib/gcc/arm-none-eabi/4.9.3/../../../../arm-none-eabi/lib/armv7e-m/softfp/libc_nano.a(lib_a-sccl.o)
 .ARM.attributes
                0x0000000000000b4f       0x32 /Applications/Simplicity Studio.app/Contents/Eclipse/developer/toolchains/gnu_arm/4.9_2015q3/bin/../lib/gcc/arm-none-eabi/4.9.3/../../../../arm-none-eabi/lib/armv7e-m/softfp/libc_nano.a(lib_a-strtol.o)
 .ARM.attributes
                0x0000000000000b81       0x32 /Applications/Simplicity Studio.app/Contents/Eclipse/developer/toolchains/gnu_arm/4.9_2015q3/bin/../lib/gcc/arm-none-eabi/4.9.3/../../../../arm-none-eabi/lib/armv7e-m/softfp/libc_nano.a(lib_a-ungetc.o)
 .ARM.attributes
                0x0000000000000bb3       0x32 /Applications/Simplicity Studio.app/Contents/Eclipse/developer/toolchains/gnu_arm/4.9_2015q3/bin/../lib/gcc/arm-none-eabi/4.9.3/../../../../arm-none-eabi/lib/armv7e-m/softfp/libc_nano.a(lib_a-findfp.o)
 .ARM.attributes
                0x0000000000000be5       0x32 /Applications/Simplicity Studio.app/Contents/Eclipse/developer/toolchains/gnu_arm/4.9_2015q3/bin/../lib/gcc/arm-none-eabi/4.9.3/../../../../arm-none-eabi/lib/armv7e-m/softfp/libc_nano.a(lib_a-memchr.o)
 .ARM.attributes
                0x0000000000000c17       0x32 /Applications/Simplicity Studio.app/Contents/Eclipse/developer/toolchains/gnu_arm/4.9_2015q3/bin/../lib/gcc/arm-none-eabi/4.9.3/../../../../arm-none-eabi/lib/armv7e-m/softfp/libc_nano.a(lib_a-memcpy.o)
 .ARM.attributes
                0x0000000000000c49       0x32 /Applications/Simplicity Studio.app/Contents/Eclipse/developer/toolchains/gnu_arm/4.9_2015q3/bin/../lib/gcc/arm-none-eabi/4.9.3/../../../../arm-none-eabi/lib/armv7e-m/softfp/libc_nano.a(lib_a-memmove.o)
 .ARM.attributes
                0x0000000000000c7b       0x32 /Applications/Simplicity Studio.app/Contents/Eclipse/developer/toolchains/gnu_arm/4.9_2015q3/bin/../lib/gcc/arm-none-eabi/4.9.3/../../../../arm-none-eabi/lib/armv7e-m/softfp/libc_nano.a(lib_a-nano-reallocr.o)
 .ARM.attributes
                0x0000000000000cad       0x32 /Applications/Simplicity Studio.app/Contents/Eclipse/developer/toolchains/gnu_arm/4.9_2015q3/bin/../lib/gcc/arm-none-eabi/4.9.3/../../../../arm-none-eabi/lib/armv7e-m/softfp/libc_nano.a(lib_a-nano-msizer.o)
 .ARM.attributes
                0x0000000000000cdf       0x32 /Applications/Simplicity Studio.app/Contents/Eclipse/developer/toolchains/gnu_arm/4.9_2015q3/bin/../lib/gcc/arm-none-eabi/4.9.3/../../../../arm-none-eabi/lib/armv7e-m/softfp/libnosys.a(gettod.o)
 .ARM.attributes
                0x0000000000000d11       0x32 /Applications/Simplicity Studio.app/Contents/Eclipse/developer/toolchains/gnu_arm/4.9_2015q3/bin/../lib/gcc/arm-none-eabi/4.9.3/../../../../arm-none-eabi/lib/armv7e-m/softfp/libnosys.a(sbrk.o)
 .ARM.attributes
                0x0000000000000d43       0x32 /Applications/Simplicity Studio.app/Contents/Eclipse/developer/toolchains/gnu_arm/4.9_2015q3/bin/../lib/gcc/arm-none-eabi/4.9.3/../../../../arm-none-eabi/lib/armv7e-m/softfp/libnosys.a(_exit.o)
 .ARM.attributes
                0x0000000000000d75       0x32 /Applications/Simplicity Studio.app/Contents/Eclipse/developer/toolchains/gnu_arm/4.9_2015q3/bin/../lib/gcc/arm-none-eabi/4.9.3/armv7e-m/softfp/crtend.o
 .ARM.attributes
                0x0000000000000da7       0x22 /Applications/Simplicity Studio.app/Contents/Eclipse/developer/toolchains/gnu_arm/4.9_2015q3/bin/../lib/gcc/arm-none-eabi/4.9.3/armv7e-m/softfp/crtn.o

.comment        0x0000000000000000       0x70
 .comment       0x0000000000000000       0x70 ./CMSIS/EFM32WG/system_efm32wg.o
                                         0x71 (size before relaxing)
 .comment       0x0000000000000000       0x71 ./FatFS/silabs_diskio.o
 .comment       0x0000000000000000       0x71 ./FatFS/src/ff.o
 .comment       0x0000000000000000       0x71 ./FatFS/src/option/unicode.o
 .comment       0x0000000000000000       0x71 ./emlib/em_cmu.o
 .comment       0x0000000000000000       0x71 ./emlib/em_emu.o
 .comment       0x0000000000000000       0x71 ./emlib/em_gpio.o
 .comment       0x0000000000000000       0x71 ./emlib/em_usart.o
 .comment       0x0000000000000000       0x71 ./emlib/microsd.o
 .comment       0x0000000000000000       0x71 ./src/epsilometer_CMU_init.o
 .comment       0x0000000000000000       0x71 ./src/epsilometer_GPIO_init.o
 .comment       0x0000000000000000       0x71 ./src/epsilometer_SDcard.o
 .comment       0x0000000000000000       0x71 ./src/epsilometer_main.o
 .comment       0x0000000000000000       0x71 ./src/epsilometer_menu.o

.debug_line     0x0000000000000000     0x4f2f
 .debug_line    0x0000000000000000       0xdf ./CMSIS/EFM32WG/startup_efm32wg.o
 .debug_line    0x00000000000000df      0x36a ./CMSIS/EFM32WG/system_efm32wg.o
 .debug_line    0x0000000000000449      0x3fe ./FatFS/silabs_diskio.o
 .debug_line    0x0000000000000847     0x15ef ./FatFS/src/ff.o
 .debug_line    0x0000000000001e36       0xde ./FatFS/src/option/unicode.o
 .debug_line    0x0000000000001f14      0xa13 ./emlib/em_cmu.o
 .debug_line    0x0000000000002927      0x5db ./emlib/em_emu.o
 .debug_line    0x0000000000002f02      0x514 ./emlib/em_gpio.o
 .debug_line    0x0000000000003416      0x69b ./emlib/em_usart.o
 .debug_line    0x0000000000003ab1      0x586 ./emlib/microsd.o
 .debug_line    0x0000000000004037      0x35b ./src/epsilometer_CMU_init.o
 .debug_line    0x0000000000004392      0x256 ./src/epsilometer_GPIO_init.o
 .debug_line    0x00000000000045e8      0x396 ./src/epsilometer_SDcard.o
 .debug_line    0x000000000000497e      0x31d ./src/epsilometer_main.o
 .debug_line    0x0000000000004c9b      0x294 ./src/epsilometer_menu.o

.debug_info     0x0000000000000000     0x8eb5
 .debug_info    0x0000000000000000      0x10a ./CMSIS/EFM32WG/startup_efm32wg.o
 .debug_info    0x000000000000010a      0x74a ./CMSIS/EFM32WG/system_efm32wg.o
 .debug_info    0x0000000000000854      0x328 ./FatFS/silabs_diskio.o
 .debug_info    0x0000000000000b7c     0x2447 ./FatFS/src/ff.o
 .debug_info    0x0000000000002fc3      0x1b0 ./FatFS/src/option/unicode.o
 .debug_info    0x0000000000003173     0x11f6 ./emlib/em_cmu.o
 .debug_info    0x0000000000004369      0xdd1 ./emlib/em_emu.o
 .debug_info    0x000000000000513a      0x65a ./emlib/em_gpio.o
 .debug_info    0x0000000000005794      0xee1 ./emlib/em_usart.o
 .debug_info    0x0000000000006675      0xad5 ./emlib/microsd.o
 .debug_info    0x000000000000714a      0x800 ./src/epsilometer_CMU_init.o
 .debug_info    0x000000000000794a      0x14d ./src/epsilometer_GPIO_init.o
 .debug_info    0x0000000000007a97      0x76a ./src/epsilometer_SDcard.o
 .debug_info    0x0000000000008201      0x6da ./src/epsilometer_main.o
 .debug_info    0x00000000000088db      0x5da ./src/epsilometer_menu.o

.debug_abbrev   0x0000000000000000     0x161c
 .debug_abbrev  0x0000000000000000       0x14 ./CMSIS/EFM32WG/startup_efm32wg.o
 .debug_abbrev  0x0000000000000014      0x1a5 ./CMSIS/EFM32WG/system_efm32wg.o
 .debug_abbrev  0x00000000000001b9      0x104 ./FatFS/silabs_diskio.o
 .debug_abbrev  0x00000000000002bd      0x190 ./FatFS/src/ff.o
 .debug_abbrev  0x000000000000044d       0xb3 ./FatFS/src/option/unicode.o
 .debug_abbrev  0x0000000000000500      0x2ed ./emlib/em_cmu.o
 .debug_abbrev  0x00000000000007ed      0x252 ./emlib/em_emu.o
 .debug_abbrev  0x0000000000000a3f      0x1cd ./emlib/em_gpio.o
 .debug_abbrev  0x0000000000000c0c      0x1dd ./emlib/em_usart.o
 .debug_abbrev  0x0000000000000de9      0x257 ./emlib/microsd.o
 .debug_abbrev  0x0000000000001040      0x17b ./src/epsilometer_CMU_init.o
 .debug_abbrev  0x00000000000011bb       0x8c ./src/epsilometer_GPIO_init.o
 .debug_abbrev  0x0000000000001247      0x17c ./src/epsilometer_SDcard.o
 .debug_abbrev  0x00000000000013c3      0x140 ./src/epsilometer_main.o
 .debug_abbrev  0x0000000000001503      0x119 ./src/epsilometer_menu.o

.debug_aranges  0x0000000000000000      0x7b0
 .debug_aranges
                0x0000000000000000       0x20 ./CMSIS/EFM32WG/startup_efm32wg.o
 .debug_aranges
                0x0000000000000020       0x70 ./CMSIS/EFM32WG/system_efm32wg.o
 .debug_aranges
                0x0000000000000090       0x40 ./FatFS/silabs_diskio.o
 .debug_aranges
                0x00000000000000d0      0x220 ./FatFS/src/ff.o
 .debug_aranges
                0x00000000000002f0       0x28 ./FatFS/src/option/unicode.o
 .debug_aranges
                0x0000000000000318      0x150 ./emlib/em_cmu.o
 .debug_aranges
                0x0000000000000468       0xa8 ./emlib/em_emu.o
 .debug_aranges
                0x0000000000000510       0x70 ./emlib/em_gpio.o
 .debug_aranges
                0x0000000000000580       0xc0 ./emlib/em_usart.o
 .debug_aranges
                0x0000000000000640       0x90 ./emlib/microsd.o
 .debug_aranges
                0x00000000000006d0       0x48 ./src/epsilometer_CMU_init.o
 .debug_aranges
                0x0000000000000718       0x20 ./src/epsilometer_GPIO_init.o
 .debug_aranges
                0x0000000000000738       0x30 ./src/epsilometer_SDcard.o
 .debug_aranges
                0x0000000000000768       0x28 ./src/epsilometer_main.o
 .debug_aranges
                0x0000000000000790       0x20 ./src/epsilometer_menu.o

.debug_loc      0x0000000000000000     0x3eac
 .debug_loc     0x0000000000000000      0x31c ./CMSIS/EFM32WG/system_efm32wg.o
 .debug_loc     0x000000000000031c      0x19c ./FatFS/silabs_diskio.o
 .debug_loc     0x00000000000004b8     0x1514 ./FatFS/src/ff.o
 .debug_loc     0x00000000000019cc       0xb8 ./FatFS/src/option/unicode.o
 .debug_loc     0x0000000000001a84      0xc6c ./emlib/em_cmu.o
 .debug_loc     0x00000000000026f0      0x5a0 ./emlib/em_emu.o
 .debug_loc     0x0000000000002c90      0x3d0 ./emlib/em_gpio.o
 .debug_loc     0x0000000000003060      0x72e ./emlib/em_usart.o
 .debug_loc     0x000000000000378e      0x3b4 ./emlib/microsd.o
 .debug_loc     0x0000000000003b42      0x1d4 ./src/epsilometer_CMU_init.o
 .debug_loc     0x0000000000003d16       0x2c ./src/epsilometer_GPIO_init.o
 .debug_loc     0x0000000000003d42       0xce ./src/epsilometer_SDcard.o
 .debug_loc     0x0000000000003e10       0x70 ./src/epsilometer_main.o
 .debug_loc     0x0000000000003e80       0x2c ./src/epsilometer_menu.o

.debug_ranges   0x0000000000000000      0x6b0
 .debug_ranges  0x0000000000000000       0x60 ./CMSIS/EFM32WG/system_efm32wg.o
 .debug_ranges  0x0000000000000060       0x30 ./FatFS/silabs_diskio.o
 .debug_ranges  0x0000000000000090      0x210 ./FatFS/src/ff.o
 .debug_ranges  0x00000000000002a0       0x18 ./FatFS/src/option/unicode.o
 .debug_ranges  0x00000000000002b8      0x140 ./emlib/em_cmu.o
 .debug_ranges  0x00000000000003f8       0x98 ./emlib/em_emu.o
 .debug_ranges  0x0000000000000490       0x60 ./emlib/em_gpio.o
 .debug_ranges  0x00000000000004f0       0xb0 ./emlib/em_usart.o
 .debug_ranges  0x00000000000005a0       0x80 ./emlib/microsd.o
 .debug_ranges  0x0000000000000620       0x38 ./src/epsilometer_CMU_init.o
 .debug_ranges  0x0000000000000658       0x10 ./src/epsilometer_GPIO_init.o
 .debug_ranges  0x0000000000000668       0x20 ./src/epsilometer_SDcard.o
 .debug_ranges  0x0000000000000688       0x18 ./src/epsilometer_main.o
 .debug_ranges  0x00000000000006a0       0x10 ./src/epsilometer_menu.o

.debug_str      0x0000000000000000     0x2eea
 .debug_str     0x0000000000000000      0x4a8 ./CMSIS/EFM32WG/system_efm32wg.o
                                        0x52f (size before relaxing)
 .debug_str     0x00000000000004a8       0xc7 ./FatFS/silabs_diskio.o
                                        0x2c6 (size before relaxing)
 .debug_str     0x000000000000056f      0x5b7 ./FatFS/src/ff.o
                                        0x807 (size before relaxing)
 .debug_str     0x0000000000000b26       0x3f ./FatFS/src/option/unicode.o
                                        0x201 (size before relaxing)
 .debug_str     0x0000000000000b65      0x9bf ./emlib/em_cmu.o
                                        0xd51 (size before relaxing)
 .debug_str     0x0000000000001524      0x51a ./emlib/em_emu.o
                                        0x88e (size before relaxing)
 .debug_str     0x0000000000001a3e      0x418 ./emlib/em_gpio.o
                                        0x631 (size before relaxing)
 .debug_str     0x0000000000001e56      0x9b4 ./emlib/em_usart.o
                                        0xe0a (size before relaxing)
 .debug_str     0x000000000000280a      0x1a9 ./emlib/microsd.o
                                        0xb4b (size before relaxing)
 .debug_str     0x00000000000029b3      0x298 ./src/epsilometer_CMU_init.o
                                        0x922 (size before relaxing)
 .debug_str     0x0000000000002c4b       0x29 ./src/epsilometer_GPIO_init.o
                                        0x3b9 (size before relaxing)
 .debug_str     0x0000000000002c74      0x15d ./src/epsilometer_SDcard.o
                                        0x5cd (size before relaxing)
 .debug_str     0x0000000000002dd1       0xf2 ./src/epsilometer_main.o
                                        0x614 (size before relaxing)
 .debug_str     0x0000000000002ec3       0x27 ./src/epsilometer_menu.o
                                        0x544 (size before relaxing)

.debug_frame    0x0000000000000000     0x295c
 .debug_frame   0x0000000000000000      0x180 ./CMSIS/EFM32WG/system_efm32wg.o
 .debug_frame   0x0000000000000180       0xd0 ./FatFS/silabs_diskio.o
 .debug_frame   0x0000000000000250      0x9e4 ./FatFS/src/ff.o
 .debug_frame   0x0000000000000c34       0x60 ./FatFS/src/option/unicode.o
 .debug_frame   0x0000000000000c94      0x5c0 ./emlib/em_cmu.o
 .debug_frame   0x0000000000001254      0x29c ./emlib/em_emu.o
 .debug_frame   0x00000000000014f0      0x1c0 ./emlib/em_gpio.o
 .debug_frame   0x00000000000016b0      0x338 ./emlib/em_usart.o
 .debug_frame   0x00000000000019e8      0x1f8 ./emlib/microsd.o
 .debug_frame   0x0000000000001be0       0xe8 ./src/epsilometer_CMU_init.o
 .debug_frame   0x0000000000001cc8       0x2c ./src/epsilometer_GPIO_init.o
 .debug_frame   0x0000000000001cf4       0x78 ./src/epsilometer_SDcard.o
 .debug_frame   0x0000000000001d6c       0x4c ./src/epsilometer_main.o
 .debug_frame   0x0000000000001db8       0x2c ./src/epsilometer_menu.o
 .debug_frame   0x0000000000001de4       0x30 /Applications/Simplicity Studio.app/Contents/Eclipse/developer/toolchains/gnu_arm/4.9_2015q3/bin/../lib/gcc/arm-none-eabi/4.9.3/../../../../arm-none-eabi/lib/armv7e-m/softfp/libc_nano.a(lib_a-ctime_r.o)
 .debug_frame   0x0000000000001e14       0x28 /Applications/Simplicity Studio.app/Contents/Eclipse/developer/toolchains/gnu_arm/4.9_2015q3/bin/../lib/gcc/arm-none-eabi/4.9.3/../../../../arm-none-eabi/lib/armv7e-m/softfp/libc_nano.a(lib_a-exit.o)
 .debug_frame   0x0000000000001e3c       0x2c /Applications/Simplicity Studio.app/Contents/Eclipse/developer/toolchains/gnu_arm/4.9_2015q3/bin/../lib/gcc/arm-none-eabi/4.9.3/../../../../arm-none-eabi/lib/armv7e-m/softfp/libc_nano.a(lib_a-init.o)
 .debug_frame   0x0000000000001e68       0x30 /Applications/Simplicity Studio.app/Contents/Eclipse/developer/toolchains/gnu_arm/4.9_2015q3/bin/../lib/gcc/arm-none-eabi/4.9.3/../../../../arm-none-eabi/lib/armv7e-m/softfp/libc_nano.a(lib_a-lcltime_r.o)
 .debug_frame   0x0000000000001e98       0x20 /Applications/Simplicity Studio.app/Contents/Eclipse/developer/toolchains/gnu_arm/4.9_2015q3/bin/../lib/gcc/arm-none-eabi/4.9.3/../../../../arm-none-eabi/lib/armv7e-m/softfp/libc_nano.a(lib_a-memset.o)
 .debug_frame   0x0000000000001eb8       0x20 /Applications/Simplicity Studio.app/Contents/Eclipse/developer/toolchains/gnu_arm/4.9_2015q3/bin/../lib/gcc/arm-none-eabi/4.9.3/../../../../arm-none-eabi/lib/armv7e-m/softfp/libc_nano.a(lib_a-strlen.o)
 .debug_frame   0x0000000000001ed8       0x28 /Applications/Simplicity Studio.app/Contents/Eclipse/developer/toolchains/gnu_arm/4.9_2015q3/bin/../lib/gcc/arm-none-eabi/4.9.3/../../../../arm-none-eabi/lib/armv7e-m/softfp/libc_nano.a(lib_a-strncpy.o)
 .debug_frame   0x0000000000001f00       0x2c /Applications/Simplicity Studio.app/Contents/Eclipse/developer/toolchains/gnu_arm/4.9_2015q3/bin/../lib/gcc/arm-none-eabi/4.9.3/../../../../arm-none-eabi/lib/armv7e-m/softfp/libc_nano.a(lib_a-time.o)
 .debug_frame   0x0000000000001f2c       0x34 /Applications/Simplicity Studio.app/Contents/Eclipse/developer/toolchains/gnu_arm/4.9_2015q3/bin/../lib/gcc/arm-none-eabi/4.9.3/../../../../arm-none-eabi/lib/armv7e-m/softfp/libc_nano.a(lib_a-tzcalc_limits.o)
 .debug_frame   0x0000000000001f60       0x30 /Applications/Simplicity Studio.app/Contents/Eclipse/developer/toolchains/gnu_arm/4.9_2015q3/bin/../lib/gcc/arm-none-eabi/4.9.3/../../../../arm-none-eabi/lib/armv7e-m/softfp/libc_nano.a(lib_a-tzlock.o)
 .debug_frame   0x0000000000001f90       0x3c /Applications/Simplicity Studio.app/Contents/Eclipse/developer/toolchains/gnu_arm/4.9_2015q3/bin/../lib/gcc/arm-none-eabi/4.9.3/../../../../arm-none-eabi/lib/armv7e-m/softfp/libc_nano.a(lib_a-tzset.o)
 .debug_frame   0x0000000000001fcc       0x5c /Applications/Simplicity Studio.app/Contents/Eclipse/developer/toolchains/gnu_arm/4.9_2015q3/bin/../lib/gcc/arm-none-eabi/4.9.3/../../../../arm-none-eabi/lib/armv7e-m/softfp/libc_nano.a(lib_a-tzset_r.o)
 .debug_frame   0x0000000000002028       0x30 /Applications/Simplicity Studio.app/Contents/Eclipse/developer/toolchains/gnu_arm/4.9_2015q3/bin/../lib/gcc/arm-none-eabi/4.9.3/../../../../arm-none-eabi/lib/armv7e-m/softfp/libc_nano.a(lib_a-asctime_r.o)
 .debug_frame   0x0000000000002058       0x50 /Applications/Simplicity Studio.app/Contents/Eclipse/developer/toolchains/gnu_arm/4.9_2015q3/bin/../lib/gcc/arm-none-eabi/4.9.3/../../../../arm-none-eabi/lib/armv7e-m/softfp/libc_nano.a(lib_a-getenv_r.o)
 .debug_frame   0x00000000000020a8       0x2c /Applications/Simplicity Studio.app/Contents/Eclipse/developer/toolchains/gnu_arm/4.9_2015q3/bin/../lib/gcc/arm-none-eabi/4.9.3/../../../../arm-none-eabi/lib/armv7e-m/softfp/libc_nano.a(lib_a-gettimeofdayr.o)
 .debug_frame   0x00000000000020d4       0x20 /Applications/Simplicity Studio.app/Contents/Eclipse/developer/toolchains/gnu_arm/4.9_2015q3/bin/../lib/gcc/arm-none-eabi/4.9.3/../../../../arm-none-eabi/lib/armv7e-m/softfp/libc_nano.a(lib_a-gettzinfo.o)
 .debug_frame   0x00000000000020f4       0x30 /Applications/Simplicity Studio.app/Contents/Eclipse/developer/toolchains/gnu_arm/4.9_2015q3/bin/../lib/gcc/arm-none-eabi/4.9.3/../../../../arm-none-eabi/lib/armv7e-m/softfp/libc_nano.a(lib_a-gmtime_r.o)
 .debug_frame   0x0000000000002124       0x30 /Applications/Simplicity Studio.app/Contents/Eclipse/developer/toolchains/gnu_arm/4.9_2015q3/bin/../lib/gcc/arm-none-eabi/4.9.3/../../../../arm-none-eabi/lib/armv7e-m/softfp/libc_nano.a(lib_a-malloc.o)
 .debug_frame   0x0000000000002154       0x2c /Applications/Simplicity Studio.app/Contents/Eclipse/developer/toolchains/gnu_arm/4.9_2015q3/bin/../lib/gcc/arm-none-eabi/4.9.3/../../../../arm-none-eabi/lib/armv7e-m/softfp/libc_nano.a(lib_a-nano-freer.o)
 .debug_frame   0x0000000000002180       0x2c /Applications/Simplicity Studio.app/Contents/Eclipse/developer/toolchains/gnu_arm/4.9_2015q3/bin/../lib/gcc/arm-none-eabi/4.9.3/../../../../arm-none-eabi/lib/armv7e-m/softfp/libc_nano.a(lib_a-nano-mallocr.o)
 .debug_frame   0x00000000000021ac       0x5c /Applications/Simplicity Studio.app/Contents/Eclipse/developer/toolchains/gnu_arm/4.9_2015q3/bin/../lib/gcc/arm-none-eabi/4.9.3/../../../../arm-none-eabi/lib/armv7e-m/softfp/libc_nano.a(lib_a-reent.o)
 .debug_frame   0x0000000000002208       0x2c /Applications/Simplicity Studio.app/Contents/Eclipse/developer/toolchains/gnu_arm/4.9_2015q3/bin/../lib/gcc/arm-none-eabi/4.9.3/../../../../arm-none-eabi/lib/armv7e-m/softfp/libc_nano.a(lib_a-sbrkr.o)
 .debug_frame   0x0000000000002234       0x70 /Applications/Simplicity Studio.app/Contents/Eclipse/developer/toolchains/gnu_arm/4.9_2015q3/bin/../lib/gcc/arm-none-eabi/4.9.3/../../../../arm-none-eabi/lib/armv7e-m/softfp/libc_nano.a(lib_a-sprintf.o)
 .debug_frame   0x00000000000022a4       0x80 /Applications/Simplicity Studio.app/Contents/Eclipse/developer/toolchains/gnu_arm/4.9_2015q3/bin/../lib/gcc/arm-none-eabi/4.9.3/../../../../arm-none-eabi/lib/armv7e-m/softfp/libc_nano.a(lib_a-sscanf.o)
 .debug_frame   0x0000000000002324       0x88 /Applications/Simplicity Studio.app/Contents/Eclipse/developer/toolchains/gnu_arm/4.9_2015q3/bin/../lib/gcc/arm-none-eabi/4.9.3/../../../../arm-none-eabi/lib/armv7e-m/softfp/libc_nano.a(lib_a-stdio.o)
 .debug_frame   0x00000000000023ac       0x20 /Applications/Simplicity Studio.app/Contents/Eclipse/developer/toolchains/gnu_arm/4.9_2015q3/bin/../lib/gcc/arm-none-eabi/4.9.3/../../../../arm-none-eabi/lib/armv7e-m/softfp/libc_nano.a(lib_a-strcpy.o)
 .debug_frame   0x00000000000023cc       0x2c /Applications/Simplicity Studio.app/Contents/Eclipse/developer/toolchains/gnu_arm/4.9_2015q3/bin/../lib/gcc/arm-none-eabi/4.9.3/../../../../arm-none-eabi/lib/armv7e-m/softfp/libc_nano.a(lib_a-strncmp.o)
 .debug_frame   0x00000000000023f8       0x54 /Applications/Simplicity Studio.app/Contents/Eclipse/developer/toolchains/gnu_arm/4.9_2015q3/bin/../lib/gcc/arm-none-eabi/4.9.3/../../../../arm-none-eabi/lib/armv7e-m/softfp/libc_nano.a(lib_a-strtoul.o)
 .debug_frame   0x000000000000244c       0x30 /Applications/Simplicity Studio.app/Contents/Eclipse/developer/toolchains/gnu_arm/4.9_2015q3/bin/../lib/gcc/arm-none-eabi/4.9.3/../../../../arm-none-eabi/lib/armv7e-m/softfp/libc_nano.a(lib_a-envlock.o)
 .debug_frame   0x000000000000247c       0x8c /Applications/Simplicity Studio.app/Contents/Eclipse/developer/toolchains/gnu_arm/4.9_2015q3/bin/../lib/gcc/arm-none-eabi/4.9.3/../../../../arm-none-eabi/lib/armv7e-m/softfp/libc_nano.a(lib_a-nano-svfprintf.o)
 .debug_frame   0x0000000000002508       0x70 /Applications/Simplicity Studio.app/Contents/Eclipse/developer/toolchains/gnu_arm/4.9_2015q3/bin/../lib/gcc/arm-none-eabi/4.9.3/../../../../arm-none-eabi/lib/armv7e-m/softfp/libc_nano.a(lib_a-nano-svfscanf.o)
 .debug_frame   0x0000000000002578       0x58 /Applications/Simplicity Studio.app/Contents/Eclipse/developer/toolchains/gnu_arm/4.9_2015q3/bin/../lib/gcc/arm-none-eabi/4.9.3/../../../../arm-none-eabi/lib/armv7e-m/softfp/libc_nano.a(lib_a-nano-vfprintf_i.o)
 .debug_frame   0x00000000000025d0       0x5c /Applications/Simplicity Studio.app/Contents/Eclipse/developer/toolchains/gnu_arm/4.9_2015q3/bin/../lib/gcc/arm-none-eabi/4.9.3/../../../../arm-none-eabi/lib/armv7e-m/softfp/libc_nano.a(lib_a-nano-vfscanf_i.o)
 .debug_frame   0x000000000000262c       0x30 /Applications/Simplicity Studio.app/Contents/Eclipse/developer/toolchains/gnu_arm/4.9_2015q3/bin/../lib/gcc/arm-none-eabi/4.9.3/../../../../arm-none-eabi/lib/armv7e-m/softfp/libc_nano.a(lib_a-sccl.o)
 .debug_frame   0x000000000000265c       0x54 /Applications/Simplicity Studio.app/Contents/Eclipse/developer/toolchains/gnu_arm/4.9_2015q3/bin/../lib/gcc/arm-none-eabi/4.9.3/../../../../arm-none-eabi/lib/armv7e-m/softfp/libc_nano.a(lib_a-strtol.o)
 .debug_frame   0x00000000000026b0       0x5c /Applications/Simplicity Studio.app/Contents/Eclipse/developer/toolchains/gnu_arm/4.9_2015q3/bin/../lib/gcc/arm-none-eabi/4.9.3/../../../../arm-none-eabi/lib/armv7e-m/softfp/libc_nano.a(lib_a-ungetc.o)
 .debug_frame   0x000000000000270c      0x11c /Applications/Simplicity Studio.app/Contents/Eclipse/developer/toolchains/gnu_arm/4.9_2015q3/bin/../lib/gcc/arm-none-eabi/4.9.3/../../../../arm-none-eabi/lib/armv7e-m/softfp/libc_nano.a(lib_a-findfp.o)